<html>
<body>
<pre>
<h1>µVision Build Log</h1>
<h2>Tool Versions:</h2>
IDE-Version: ¦ÌVision V5.43.1.0
Copyright (C) 2025 ARM Ltd and ARM Germany GmbH. All rights reserved.
License Information: JS LI, NEUQ, LIC=TIVNB-2VI85-IIR5V-PP31S-80HQ0-03NNZ
 
Tool Versions:
Toolchain:       MDK-ARM Plus  Version: 5.43.0.0
Toolchain Path:  C:\Users\15940\AppData\Local\Keil_v5\ARM\ARMCLANG\Bin
C Compiler:      ArmClang.exe V6.24
Assembler:       Armasm.exe V6.24
Linker/Locator:  ArmLink.exe V6.24
Library Manager: ArmAr.exe V6.24
Hex Converter:   FromElf.exe V6.24
CPU DLL:         SARMCM3.DLL V5.43.0.0
Dialog DLL:      DCM.DLL V1.17.5.0
Target DLL:      Segger\JL2CM3.dll V2.99.45.0
Dialog DLL:      TCM.DLL V1.56.6.0
 
<h2>Project:</h2>
G:\Edc\edc_cb_1_GF_PARTIAL\MDK-ARM\edc_cb.uvprojx
Project File Date:  07/08/2026

<h2>Output:</h2>
*** Using Compiler 'V6.24', folder: 'C:\Users\15940\AppData\Local\Keil_v5\ARM\ARMCLANG\Bin'
*** Warning: You are compiling one or more files of source type C++ and have selected 'use MicroLIB'. MicroLIB does not support C++!
  
Rebuild target 'edc_cb'
assembling startup_stm32g474xx.s...
compiling dma.c...
compiling adc.c...
compiling dac.c...
compiling comp.c...
compiling crc.c...
compiling tim.c...
compiling lptim.c...
compiling gpio.c...
compiling spi.c...
compiling usart.c...
../Core/Src/main.c(306): warning: incompatible pointer types passing 'uint16_t *' (aka 'unsigned short *') to parameter of type 'const uint8_t *' (aka 'const unsigned char *') [-Wincompatible-pointer-types]
  306 |         HAL_SPI_Transmit_DMA(&hspi1, &color,2);
      |                                      ^~~~~~
../Drivers/STM32G4xx_HAL_Driver/Inc\stm32g4xx_hal_spi.h(804): note: passing argument to parameter 'pData' here
  804 | HAL_StatusTypeDef HAL_SPI_Transmit_DMA(SPI_HandleTypeDef *hspi, const uint8_t *pData, uint16_t Size);
      |                                                                                ^
1 warning generated.
compiling main.c...
compiling stm32g4xx_it.c...
compiling stm32g4xx_hal_msp.c...
compiling stm32g4xx_hal_timebase_tim.c...
compiling stm32g4xx_ll_adc.c...
compiling stm32g4xx_hal_tim_ex.c...
compiling stm32g4xx_hal_adc_ex.c...
compiling stm32g4xx_hal_adc.c...
compiling stm32g4xx_hal.c...
compiling stm32g4xx_hal_rcc.c...
compiling stm32g4xx_hal_tim.c...
compiling stm32g4xx_hal_flash.c...
compiling stm32g4xx_hal_gpio.c...
compiling stm32g4xx_hal_flash_ramfunc.c...
compiling stm32g4xx_hal_exti.c...
compiling stm32g4xx_hal_rcc_ex.c...
compiling stm32g4xx_hal_flash_ex.c...
compiling stm32g4xx_hal_dma.c...
compiling stm32g4xx_hal_dma_ex.c...
compiling stm32g4xx_hal_pwr.c...
compiling stm32g4xx_hal_pwr_ex.c...
compiling stm32g4xx_hal_cortex.c...
compiling stm32g4xx_hal_comp.c...
compiling stm32g4xx_hal_crc_ex.c...
compiling stm32g4xx_hal_crc.c...
compiling stm32g4xx_hal_dac.c...
compiling stm32g4xx_hal_dac_ex.c...
compiling stm32g4xx_hal_spi_ex.c...
compiling stm32g4xx_hal_lptim.c...
compiling stm32g4xx_hal_usart_ex.c...
compiling system_stm32g4xx.c...
compiling stm32g4xx_hal_spi.c...
compiling STM32TouchController.cpp...
compiling stm32g4xx_hal_usart.c...
../TouchGFX/target/TouchGFXHAL.cpp(41): warning: "A user must call touchgfx::startNewTransfer(); once touchgfxDisplayDriverTransmitBlock() has succesfully sent a block." [-W#warnings]
   41 | #warning "A user must call touchgfx::startNewTransfer(); once touchgfxDisplayDriverTransmitBlock() has succesfully sent a block."
      |  ^
../TouchGFX/target/TouchGFXHAL.cpp(42): warning: "A user must implement C-methods touchgfxDisplayDriverTransmitActive() and touchgfxDisplayDriverTransmitBlock() used by the Partial Framebuffer Strategy." [-W#warnings]
   42 | #warning "A user must implement C-methods touchgfxDisplayDriverTransmitActive() and touchgfxDisplayDriverTransmitBlock() used by the Partial Framebuffer Strategy."
      |  ^
2 warnings generated.
compiling TouchGFXHAL.cpp...
compiling STM32DMA.cpp...
compiling TouchGFXGPIO.cpp...
compiling app_touchgfx.c...
compiling Model.cpp...
compiling OSWrappers.cpp...
compiling task.cpp...
compiling FrontendApplication.cpp...
compiling TouchGFXConfiguration.cpp...
compiling screenPresenter.cpp...
compiling TouchGFXGeneratedHAL.cpp...
compiling ApplicationFontProvider.cpp...
compiling BitmapDatabase.cpp...
compiling CachedFont.cpp...
compiling screenView.cpp...
compiling CompressedFontCache.cpp...
compiling Font_verdana_30_1bpp_0.cpp...
compiling Font_verdana_40_2bpp_0.cpp...
compiling CompressedUnmappedFontCache.cpp...
compiling Kerning_verdana_30_1bpp.cpp...
compiling FontCache.cpp...
compiling Kerning_verdana_40_2bpp.cpp...
compiling LanguageGb.cpp...
compiling FrontendApplicationBase.cpp...
compiling GeneratedFont.cpp...
compiling SVGDatabase.cpp...
compiling Table_verdana_30_1bpp.cpp...
compiling Table_verdana_40_2bpp.cpp...
compiling screenViewBase.cpp...
compiling TypedTextDatabase.cpp...
compiling Texts.cpp...
compiling UnmappedDataFont.cpp...
compiling VectorFontRendererBuffers.cpp...
linking...
Program Size: Code=98200 RO-data=29744 RW-data=13056 ZI-data=11896  
FromELF: creating hex file...
"edc_cb\edc_cb.axf" - 0 Error(s), 3 Warning(s).

<h2>Software Packages used:</h2>

Package Vendor: ARM
                https://www.keil.com/pack/ARM.CMSIS.6.3.0.pack
                ARM::CMSIS@6.3.0
                CMSIS (Common Microcontroller Software Interface Standard)
   * Component: CORE Version: 6.2.0

Package Vendor: Keil
                https://www.keil.com/pack/Keil.STM32G4xx_DFP.2.2.0.pack
                Keil::STM32G4xx_DFP@2.2.0
                STMicroelectronics STM32G4 Series Device Support

<h2>Collection of Component include folders:</h2>
  ./RTE/_edc_cb
  C:/Users/15940/AppData/Local/Arm/Packs/ARM/CMSIS/6.3.0/CMSIS/Core/Include

<h2>Collection of Component Files used:</h2>

   * Component: ARM::CMSIS:CORE@6.2.0
      Include file:  CMSIS/Core/Include/tz_context.h
Build Time Elapsed:  00:00:07
</pre>
</body>
</html>
