<!doctype html public "-//w3c//dtd html 4.0 transitional//en">
<html><head>
<title>Static Call Graph - [edc_cb\edc_cb.axf]</title></head>
<body><HR>
<H1>Static Call Graph for image edc_cb\edc_cb.axf</H1><HR>
<BR><P>#&#060CALLGRAPH&#062# ARM Linker, 6240002: Last Updated: Thu Jul  9 00:26:57 2026
<BR><P>
<H3>Maximum Stack Usage =       1200 bytes + Unknown(Cycles, Untraceable Function Pointers)</H3><H3>
Call chain for Maximum Stack Depth:</H3>
touchgfx::TextArea::draw(touchgfx::Rect const&) const &rArr; touchgfx::LCD::drawString(touchgfx::Rect, touchgfx::Rect const&, touchgfx::LCD::StringVisuals const&, unsigned short const*, ...) &rArr; touchgfx::LCD::drawStringRTL(touchgfx::Rect const&, touchgfx::Rect const&, touchgfx::LCD::StringVisuals const&, unsigned short const*, std::__va_list) &rArr; touchgfx::LCD::drawStringRTLLine(short&, touchgfx::Font const*, unsigned char, touchgfx::TextProvider&, int, bool, touchgfx::LCD::DrawStringInternalStruct const*) &rArr; touchgfx::LCD::drawStringRTLInternal(short&, touchgfx::Font const*, unsigned char, touchgfx::TextProvider&, int, unsigned short, touchgfx::LCD::DrawStringInternalStruct const*) &rArr; touchgfx::LCD::drawStringInternal(unsigned short*, touchgfx::Rect const*, short, short, touchgfx::Rect const&, touchgfx::LCD::StringVisuals const*, unsigned char, touchgfx::TextProvider&, int, bool) &rArr; touchgfx::TextProvider::getNextLigature(unsigned char, touchgfx::Font const*, touchgfx::GlyphNode const*&, unsigned char const*&, unsigned char&) &rArr; OUTLINED_FUNCTION_8 &rArr; touchgfx::TextProvider::getNextLigature(unsigned char) &rArr; touchgfx::TextProvider::substituteGlyphs() &rArr; touchgfx::TextProvider::applyGsubRules(unsigned short const*, unsigned short) &rArr; touchgfx::TextProvider::replaceInputCharacters(unsigned short, unsigned short, unsigned short const*) &rArr; touchgfx::TextProvider::fillInputBuffer() &rArr; touchgfx::TextProvider::getNextCharInternal()
<P>
<H3>
Mutually Recursive functions
</H3> <LI><a href="#[1c]">ADC1_2_IRQHandler</a>&nbsp;&nbsp;&nbsp;&rArr;&nbsp;&nbsp;&nbsp;<a href="#[1c]">ADC1_2_IRQHandler</a><BR>
 <LI><a href="#[4]">BusFault_Handler</a>&nbsp;&nbsp;&nbsp;&rArr;&nbsp;&nbsp;&nbsp;<a href="#[4]">BusFault_Handler</a><BR>
 <LI><a href="#[2]">HardFault_Handler</a>&nbsp;&nbsp;&nbsp;&rArr;&nbsp;&nbsp;&nbsp;<a href="#[2]">HardFault_Handler</a><BR>
 <LI><a href="#[3]">MemManage_Handler</a>&nbsp;&nbsp;&nbsp;&rArr;&nbsp;&nbsp;&nbsp;<a href="#[3]">MemManage_Handler</a><BR>
 <LI><a href="#[1]">NMI_Handler</a>&nbsp;&nbsp;&nbsp;&rArr;&nbsp;&nbsp;&nbsp;<a href="#[1]">NMI_Handler</a><BR>
 <LI><a href="#[5]">UsageFault_Handler</a>&nbsp;&nbsp;&nbsp;&rArr;&nbsp;&nbsp;&nbsp;<a href="#[5]">UsageFault_Handler</a><BR>
 <LI><a href="#[2c6]">touchgfx::startNewTransfer()</a>&nbsp;&nbsp;&nbsp;&rArr;&nbsp;&nbsp;&nbsp;<a href="#[2c5]">touchgfxDisplayDriverTransmitBlock(unsigned char const*, unsigned short, unsigned short, unsigned short, unsigned short)</a><BR>
 <LI><a href="#[34c]">touchgfx::TouchCalibration::muldivu(unsigned int, unsigned int, unsigned int, unsigned int, unsigned int, unsigned int&)</a>&nbsp;&nbsp;&nbsp;&rArr;&nbsp;&nbsp;&nbsp;<a href="#[34c]">touchgfx::TouchCalibration::muldivu(unsigned int, unsigned int, unsigned int, unsigned int, unsigned int, unsigned int&)</a><BR>
 <LI><a href="#[394]">touchgfx::Screen::JSMOC(touchgfx::Rect const&, touchgfx::Drawable*)</a>&nbsp;&nbsp;&nbsp;&rArr;&nbsp;&nbsp;&nbsp;<a href="#[394]">touchgfx::Screen::JSMOC(touchgfx::Rect const&, touchgfx::Drawable*)</a><BR>
 <LI><a href="#[3a2]">touchgfx::CWRUtil::arcsine(touchgfx::CWRUtil::Q10)</a>&nbsp;&nbsp;&nbsp;&rArr;&nbsp;&nbsp;&nbsp;<a href="#[3a2]">touchgfx::CWRUtil::arcsine(touchgfx::CWRUtil::Q10)</a><BR>
 <LI><a href="#[3a1]">touchgfx::CWRUtil::_angle(touchgfx::CWRUtil::Q5, touchgfx::CWRUtil::Q5, touchgfx::CWRUtil::Q5&)</a>&nbsp;&nbsp;&nbsp;&rArr;&nbsp;&nbsp;&nbsp;<a href="#[3a1]">touchgfx::CWRUtil::_angle(touchgfx::CWRUtil::Q5, touchgfx::CWRUtil::Q5, touchgfx::CWRUtil::Q5&)</a><BR>
 <LI><a href="#[39d]">touchgfx::muldivu(unsigned int, unsigned int, unsigned int, unsigned int&)</a>&nbsp;&nbsp;&nbsp;&rArr;&nbsp;&nbsp;&nbsp;<a href="#[39d]">touchgfx::muldivu(unsigned int, unsigned int, unsigned int, unsigned int&)</a><BR>
</UL>
<P>
<H3>
Function Pointers
</H3><UL>
 <LI><a href="#[1c]">ADC1_2_IRQHandler</a> from startup_stm32g474xx.o(.text) referenced from startup_stm32g474xx.o(RESET)
 <LI><a href="#[39]">ADC3_IRQHandler</a> from startup_stm32g474xx.o(.text) referenced from startup_stm32g474xx.o(RESET)
 <LI><a href="#[47]">ADC4_IRQHandler</a> from startup_stm32g474xx.o(.text) referenced from startup_stm32g474xx.o(RESET)
 <LI><a href="#[48]">ADC5_IRQHandler</a> from startup_stm32g474xx.o(.text) referenced from startup_stm32g474xx.o(RESET)
 <LI><a href="#[73]">ADC_DMAConvCplt</a> from stm32g4xx_hal_adc.o(.text.ADC_DMAConvCplt) referenced 2 times from stm32g4xx_hal_adc.o(.text.HAL_ADC_Start_DMA)
 <LI><a href="#[75]">ADC_DMAError</a> from stm32g4xx_hal_adc.o(.text.ADC_DMAError) referenced 2 times from stm32g4xx_hal_adc.o(.text.HAL_ADC_Start_DMA)
 <LI><a href="#[74]">ADC_DMAHalfConvCplt</a> from stm32g4xx_hal_adc.o(.text.ADC_DMAHalfConvCplt) referenced 2 times from stm32g4xx_hal_adc.o(.text.HAL_ADC_Start_DMA)
 <LI><a href="#[4]">BusFault_Handler</a> from stm32g4xx_it.o(.text.BusFault_Handler) referenced from startup_stm32g474xx.o(RESET)
 <LI><a href="#[4a]">COMP1_2_3_IRQHandler</a> from startup_stm32g474xx.o(.text) referenced from startup_stm32g474xx.o(RESET)
 <LI><a href="#[4b]">COMP4_5_6_IRQHandler</a> from startup_stm32g474xx.o(.text) referenced from startup_stm32g474xx.o(RESET)
 <LI><a href="#[4c]">COMP7_IRQHandler</a> from startup_stm32g474xx.o(.text) referenced from startup_stm32g474xx.o(RESET)
 <LI><a href="#[6d]">CORDIC_IRQHandler</a> from startup_stm32g474xx.o(.text) referenced from startup_stm32g474xx.o(RESET)
 <LI><a href="#[55]">CRS_IRQHandler</a> from startup_stm32g474xx.o(.text) referenced from startup_stm32g474xx.o(RESET)
 <LI><a href="#[15]">DMA1_Channel1_IRQHandler</a> from stm32g4xx_it.o(.text.DMA1_Channel1_IRQHandler) referenced from startup_stm32g474xx.o(RESET)
 <LI><a href="#[16]">DMA1_Channel2_IRQHandler</a> from stm32g4xx_it.o(.text.DMA1_Channel2_IRQHandler) referenced from startup_stm32g474xx.o(RESET)
 <LI><a href="#[17]">DMA1_Channel3_IRQHandler</a> from startup_stm32g474xx.o(.text) referenced from startup_stm32g474xx.o(RESET)
 <LI><a href="#[18]">DMA1_Channel4_IRQHandler</a> from startup_stm32g474xx.o(.text) referenced from startup_stm32g474xx.o(RESET)
 <LI><a href="#[19]">DMA1_Channel5_IRQHandler</a> from startup_stm32g474xx.o(.text) referenced from startup_stm32g474xx.o(RESET)
 <LI><a href="#[1a]">DMA1_Channel6_IRQHandler</a> from startup_stm32g474xx.o(.text) referenced from startup_stm32g474xx.o(RESET)
 <LI><a href="#[1b]">DMA1_Channel7_IRQHandler</a> from startup_stm32g474xx.o(.text) referenced from startup_stm32g474xx.o(RESET)
 <LI><a href="#[69]">DMA1_Channel8_IRQHandler</a> from startup_stm32g474xx.o(.text) referenced from startup_stm32g474xx.o(RESET)
 <LI><a href="#[42]">DMA2_Channel1_IRQHandler</a> from startup_stm32g474xx.o(.text) referenced from startup_stm32g474xx.o(RESET)
 <LI><a href="#[43]">DMA2_Channel2_IRQHandler</a> from startup_stm32g474xx.o(.text) referenced from startup_stm32g474xx.o(RESET)
 <LI><a href="#[44]">DMA2_Channel3_IRQHandler</a> from startup_stm32g474xx.o(.text) referenced from startup_stm32g474xx.o(RESET)
 <LI><a href="#[45]">DMA2_Channel4_IRQHandler</a> from startup_stm32g474xx.o(.text) referenced from startup_stm32g474xx.o(RESET)
 <LI><a href="#[46]">DMA2_Channel5_IRQHandler</a> from startup_stm32g474xx.o(.text) referenced from startup_stm32g474xx.o(RESET)
 <LI><a href="#[6a]">DMA2_Channel6_IRQHandler</a> from startup_stm32g474xx.o(.text) referenced from startup_stm32g474xx.o(RESET)
 <LI><a href="#[6b]">DMA2_Channel7_IRQHandler</a> from startup_stm32g474xx.o(.text) referenced from startup_stm32g474xx.o(RESET)
 <LI><a href="#[6c]">DMA2_Channel8_IRQHandler</a> from startup_stm32g474xx.o(.text) referenced from startup_stm32g474xx.o(RESET)
 <LI><a href="#[67]">DMAMUX_OVR_IRQHandler</a> from startup_stm32g474xx.o(.text) referenced from startup_stm32g474xx.o(RESET)
 <LI><a href="#[7]">DebugMon_Handler</a> from stm32g4xx_it.o(.text.DebugMon_Handler) referenced from startup_stm32g474xx.o(RESET)
 <LI><a href="#[10]">EXTI0_IRQHandler</a> from startup_stm32g474xx.o(.text) referenced from startup_stm32g474xx.o(RESET)
 <LI><a href="#[32]">EXTI15_10_IRQHandler</a> from startup_stm32g474xx.o(.text) referenced from startup_stm32g474xx.o(RESET)
 <LI><a href="#[11]">EXTI1_IRQHandler</a> from startup_stm32g474xx.o(.text) referenced from startup_stm32g474xx.o(RESET)
 <LI><a href="#[12]">EXTI2_IRQHandler</a> from startup_stm32g474xx.o(.text) referenced from startup_stm32g474xx.o(RESET)
 <LI><a href="#[13]">EXTI3_IRQHandler</a> from startup_stm32g474xx.o(.text) referenced from startup_stm32g474xx.o(RESET)
 <LI><a href="#[14]">EXTI4_IRQHandler</a> from startup_stm32g474xx.o(.text) referenced from startup_stm32g474xx.o(RESET)
 <LI><a href="#[21]">EXTI9_5_IRQHandler</a> from startup_stm32g474xx.o(.text) referenced from startup_stm32g474xx.o(RESET)
 <LI><a href="#[1f]">FDCAN1_IT0_IRQHandler</a> from startup_stm32g474xx.o(.text) referenced from startup_stm32g474xx.o(RESET)
 <LI><a href="#[20]">FDCAN1_IT1_IRQHandler</a> from startup_stm32g474xx.o(.text) referenced from startup_stm32g474xx.o(RESET)
 <LI><a href="#[5f]">FDCAN2_IT0_IRQHandler</a> from startup_stm32g474xx.o(.text) referenced from startup_stm32g474xx.o(RESET)
 <LI><a href="#[60]">FDCAN2_IT1_IRQHandler</a> from startup_stm32g474xx.o(.text) referenced from startup_stm32g474xx.o(RESET)
 <LI><a href="#[61]">FDCAN3_IT0_IRQHandler</a> from startup_stm32g474xx.o(.text) referenced from startup_stm32g474xx.o(RESET)
 <LI><a href="#[62]">FDCAN3_IT1_IRQHandler</a> from startup_stm32g474xx.o(.text) referenced from startup_stm32g474xx.o(RESET)
 <LI><a href="#[e]">FLASH_IRQHandler</a> from startup_stm32g474xx.o(.text) referenced from startup_stm32g474xx.o(RESET)
 <LI><a href="#[6e]">FMAC_IRQHandler</a> from startup_stm32g474xx.o(.text) referenced from startup_stm32g474xx.o(RESET)
 <LI><a href="#[3a]">FMC_IRQHandler</a> from startup_stm32g474xx.o(.text) referenced from startup_stm32g474xx.o(RESET)
 <LI><a href="#[5b]">FPU_IRQHandler</a> from startup_stm32g474xx.o(.text) referenced from startup_stm32g474xx.o(RESET)
 <LI><a href="#[53]">HRTIM1_FLT_IRQHandler</a> from startup_stm32g474xx.o(.text) referenced from startup_stm32g474xx.o(RESET)
 <LI><a href="#[4d]">HRTIM1_Master_IRQHandler</a> from startup_stm32g474xx.o(.text) referenced from startup_stm32g474xx.o(RESET)
 <LI><a href="#[4e]">HRTIM1_TIMA_IRQHandler</a> from startup_stm32g474xx.o(.text) referenced from startup_stm32g474xx.o(RESET)
 <LI><a href="#[4f]">HRTIM1_TIMB_IRQHandler</a> from startup_stm32g474xx.o(.text) referenced from startup_stm32g474xx.o(RESET)
 <LI><a href="#[50]">HRTIM1_TIMC_IRQHandler</a> from startup_stm32g474xx.o(.text) referenced from startup_stm32g474xx.o(RESET)
 <LI><a href="#[51]">HRTIM1_TIMD_IRQHandler</a> from startup_stm32g474xx.o(.text) referenced from startup_stm32g474xx.o(RESET)
 <LI><a href="#[52]">HRTIM1_TIME_IRQHandler</a> from startup_stm32g474xx.o(.text) referenced from startup_stm32g474xx.o(RESET)
 <LI><a href="#[54]">HRTIM1_TIMF_IRQHandler</a> from startup_stm32g474xx.o(.text) referenced from startup_stm32g474xx.o(RESET)
 <LI><a href="#[2]">HardFault_Handler</a> from stm32g4xx_it.o(.text.HardFault_Handler) referenced from startup_stm32g474xx.o(RESET)
 <LI><a href="#[2a]">I2C1_ER_IRQHandler</a> from startup_stm32g474xx.o(.text) referenced from startup_stm32g474xx.o(RESET)
 <LI><a href="#[29]">I2C1_EV_IRQHandler</a> from startup_stm32g474xx.o(.text) referenced from startup_stm32g474xx.o(RESET)
 <LI><a href="#[2c]">I2C2_ER_IRQHandler</a> from startup_stm32g474xx.o(.text) referenced from startup_stm32g474xx.o(RESET)
 <LI><a href="#[2b]">I2C2_EV_IRQHandler</a> from startup_stm32g474xx.o(.text) referenced from startup_stm32g474xx.o(RESET)
 <LI><a href="#[66]">I2C3_ER_IRQHandler</a> from startup_stm32g474xx.o(.text) referenced from startup_stm32g474xx.o(RESET)
 <LI><a href="#[65]">I2C3_EV_IRQHandler</a> from startup_stm32g474xx.o(.text) referenced from startup_stm32g474xx.o(RESET)
 <LI><a href="#[5d]">I2C4_ER_IRQHandler</a> from startup_stm32g474xx.o(.text) referenced from startup_stm32g474xx.o(RESET)
 <LI><a href="#[5c]">I2C4_EV_IRQHandler</a> from startup_stm32g474xx.o(.text) referenced from startup_stm32g474xx.o(RESET)
 <LI><a href="#[3b]">LPTIM1_IRQHandler</a> from startup_stm32g474xx.o(.text) referenced from startup_stm32g474xx.o(RESET)
 <LI><a href="#[64]">LPUART1_IRQHandler</a> from startup_stm32g474xx.o(.text) referenced from startup_stm32g474xx.o(RESET)
 <LI><a href="#[3]">MemManage_Handler</a> from stm32g4xx_it.o(.text.MemManage_Handler) referenced from startup_stm32g474xx.o(RESET)
 <LI><a href="#[1]">NMI_Handler</a> from stm32g4xx_it.o(.text.NMI_Handler) referenced from startup_stm32g474xx.o(RESET)
 <LI><a href="#[b]">PVD_PVM_IRQHandler</a> from startup_stm32g474xx.o(.text) referenced from startup_stm32g474xx.o(RESET)
 <LI><a href="#[8]">PendSV_Handler</a> from stm32g4xx_it.o(.text.PendSV_Handler) referenced from startup_stm32g474xx.o(RESET)
 <LI><a href="#[68]">QUADSPI_IRQHandler</a> from startup_stm32g474xx.o(.text) referenced from startup_stm32g474xx.o(RESET)
 <LI><a href="#[f]">RCC_IRQHandler</a> from startup_stm32g474xx.o(.text) referenced from startup_stm32g474xx.o(RESET)
 <LI><a href="#[63]">RNG_IRQHandler</a> from startup_stm32g474xx.o(.text) referenced from startup_stm32g474xx.o(RESET)
 <LI><a href="#[33]">RTC_Alarm_IRQHandler</a> from startup_stm32g474xx.o(.text) referenced from startup_stm32g474xx.o(RESET)
 <LI><a href="#[c]">RTC_TAMP_LSECSS_IRQHandler</a> from startup_stm32g474xx.o(.text) referenced from startup_stm32g474xx.o(RESET)
 <LI><a href="#[d]">RTC_WKUP_IRQHandler</a> from startup_stm32g474xx.o(.text) referenced from startup_stm32g474xx.o(RESET)
 <LI><a href="#[0]">Reset_Handler</a> from startup_stm32g474xx.o(.text) referenced from startup_stm32g474xx.o(RESET)
 <LI><a href="#[56]">SAI1_IRQHandler</a> from startup_stm32g474xx.o(.text) referenced from startup_stm32g474xx.o(RESET)
 <LI><a href="#[2d]">SPI1_IRQHandler</a> from startup_stm32g474xx.o(.text) referenced from startup_stm32g474xx.o(RESET)
 <LI><a href="#[2e]">SPI2_IRQHandler</a> from startup_stm32g474xx.o(.text) referenced from startup_stm32g474xx.o(RESET)
 <LI><a href="#[3d]">SPI3_IRQHandler</a> from startup_stm32g474xx.o(.text) referenced from startup_stm32g474xx.o(RESET)
 <LI><a href="#[5e]">SPI4_IRQHandler</a> from startup_stm32g474xx.o(.text) referenced from startup_stm32g474xx.o(RESET)
 <LI><a href="#[78]">SPI_DMAError</a> from stm32g4xx_hal_spi.o(.text.SPI_DMAError) referenced 2 times from stm32g4xx_hal_spi.o(.text.HAL_SPI_Transmit_DMA)
 <LI><a href="#[76]">SPI_DMAHalfTransmitCplt</a> from stm32g4xx_hal_spi.o(.text.SPI_DMAHalfTransmitCplt) referenced 2 times from stm32g4xx_hal_spi.o(.text.HAL_SPI_Transmit_DMA)
 <LI><a href="#[77]">SPI_DMATransmitCplt</a> from stm32g4xx_hal_spi.o(.text.SPI_DMATransmitCplt) referenced 2 times from stm32g4xx_hal_spi.o(.text.HAL_SPI_Transmit_DMA)
 <LI><a href="#[6]">SVC_Handler</a> from stm32g4xx_it.o(.text.SVC_Handler) referenced from startup_stm32g474xx.o(RESET)
 <LI><a href="#[9]">SysTick_Handler</a> from stm32g4xx_it.o(.text.SysTick_Handler) referenced from startup_stm32g474xx.o(RESET)
 <LI><a href="#[70]">SystemInit</a> from system_stm32g4xx.o(.text.SystemInit) referenced from startup_stm32g474xx.o(.text)
 <LI><a href="#[22]">TIM1_BRK_TIM15_IRQHandler</a> from startup_stm32g474xx.o(.text) referenced from startup_stm32g474xx.o(RESET)
 <LI><a href="#[25]">TIM1_CC_IRQHandler</a> from startup_stm32g474xx.o(.text) referenced from startup_stm32g474xx.o(RESET)
 <LI><a href="#[24]">TIM1_TRG_COM_TIM17_IRQHandler</a> from startup_stm32g474xx.o(.text) referenced from startup_stm32g474xx.o(RESET)
 <LI><a href="#[23]">TIM1_UP_TIM16_IRQHandler</a> from stm32g4xx_it.o(.text.TIM1_UP_TIM16_IRQHandler) referenced from startup_stm32g474xx.o(RESET)
 <LI><a href="#[57]">TIM20_BRK_IRQHandler</a> from startup_stm32g474xx.o(.text) referenced from startup_stm32g474xx.o(RESET)
 <LI><a href="#[5a]">TIM20_CC_IRQHandler</a> from startup_stm32g474xx.o(.text) referenced from startup_stm32g474xx.o(RESET)
 <LI><a href="#[59]">TIM20_TRG_COM_IRQHandler</a> from startup_stm32g474xx.o(.text) referenced from startup_stm32g474xx.o(RESET)
 <LI><a href="#[58]">TIM20_UP_IRQHandler</a> from startup_stm32g474xx.o(.text) referenced from startup_stm32g474xx.o(RESET)
 <LI><a href="#[26]">TIM2_IRQHandler</a> from startup_stm32g474xx.o(.text) referenced from startup_stm32g474xx.o(RESET)
 <LI><a href="#[27]">TIM3_IRQHandler</a> from startup_stm32g474xx.o(.text) referenced from startup_stm32g474xx.o(RESET)
 <LI><a href="#[28]">TIM4_IRQHandler</a> from startup_stm32g474xx.o(.text) referenced from startup_stm32g474xx.o(RESET)
 <LI><a href="#[3c]">TIM5_IRQHandler</a> from startup_stm32g474xx.o(.text) referenced from startup_stm32g474xx.o(RESET)
 <LI><a href="#[40]">TIM6_DAC_IRQHandler</a> from stm32g4xx_it.o(.text.TIM6_DAC_IRQHandler) referenced from startup_stm32g474xx.o(RESET)
 <LI><a href="#[41]">TIM7_DAC_IRQHandler</a> from stm32g4xx_it.o(.text.TIM7_DAC_IRQHandler) referenced from startup_stm32g474xx.o(RESET)
 <LI><a href="#[35]">TIM8_BRK_IRQHandler</a> from startup_stm32g474xx.o(.text) referenced from startup_stm32g474xx.o(RESET)
 <LI><a href="#[38]">TIM8_CC_IRQHandler</a> from startup_stm32g474xx.o(.text) referenced from startup_stm32g474xx.o(RESET)
 <LI><a href="#[37]">TIM8_TRG_COM_IRQHandler</a> from startup_stm32g474xx.o(.text) referenced from startup_stm32g474xx.o(RESET)
 <LI><a href="#[36]">TIM8_UP_IRQHandler</a> from startup_stm32g474xx.o(.text) referenced from startup_stm32g474xx.o(RESET)
 <LI><a href="#[3e]">UART4_IRQHandler</a> from startup_stm32g474xx.o(.text) referenced from startup_stm32g474xx.o(RESET)
 <LI><a href="#[3f]">UART5_IRQHandler</a> from startup_stm32g474xx.o(.text) referenced from startup_stm32g474xx.o(RESET)
 <LI><a href="#[49]">UCPD1_IRQHandler</a> from startup_stm32g474xx.o(.text) referenced from startup_stm32g474xx.o(RESET)
 <LI><a href="#[2f]">USART1_IRQHandler</a> from startup_stm32g474xx.o(.text) referenced from startup_stm32g474xx.o(RESET)
 <LI><a href="#[30]">USART2_IRQHandler</a> from startup_stm32g474xx.o(.text) referenced from startup_stm32g474xx.o(RESET)
 <LI><a href="#[31]">USART3_IRQHandler</a> from startup_stm32g474xx.o(.text) referenced from startup_stm32g474xx.o(RESET)
 <LI><a href="#[34]">USBWakeUp_IRQHandler</a> from startup_stm32g474xx.o(.text) referenced from startup_stm32g474xx.o(RESET)
 <LI><a href="#[1d]">USB_HP_IRQHandler</a> from startup_stm32g474xx.o(.text) referenced from startup_stm32g474xx.o(RESET)
 <LI><a href="#[1e]">USB_LP_IRQHandler</a> from startup_stm32g474xx.o(.text) referenced from startup_stm32g474xx.o(RESET)
 <LI><a href="#[5]">UsageFault_Handler</a> from stm32g4xx_it.o(.text.UsageFault_Handler) referenced from startup_stm32g474xx.o(RESET)
 <LI><a href="#[a]">WWDG_IRQHandler</a> from startup_stm32g474xx.o(.text) referenced from startup_stm32g474xx.o(RESET)
 <LI><a href="#[1df]">_GLOBAL__sub_I_TouchGFXConfiguration.cpp</a> from touchgfxconfiguration.o(.text._GLOBAL__sub_I_TouchGFXConfiguration.cpp) referenced from touchgfxconfiguration.o(.init_array)
 <LI><a href="#[1e0]">_GLOBAL__sub_I_TouchGFXGeneratedHAL.cpp</a> from touchgfxgeneratedhal.o(.text._GLOBAL__sub_I_TouchGFXGeneratedHAL.cpp) referenced from touchgfxgeneratedhal.o(.init_array)
 <LI><a href="#[1e1]">_GLOBAL__sub_I_typedtextdatabase.cpp</a> from typedtextdatabase.o(.text._GLOBAL__sub_I_typedtextdatabase.cpp) referenced from typedtextdatabase.o(.init_array)
 <LI><a href="#[79]">CC_funct()</a> from task.o(.text._Z8CC_functv) referenced 2 times from task.o(.text._Z12Process_Initv)
 <LI><a href="#[7a]">CP_funct()</a> from task.o(.text._Z8CP_functv) referenced 2 times from task.o(.text._Z12Process_Initv)
 <LI><a href="#[7b]">CR_funct()</a> from task.o(.text._Z8CR_functv) referenced 2 times from task.o(.text._Z12Process_Initv)
 <LI><a href="#[7c]">Cp_funct()</a> from task.o(.text._Z8Cp_functv) referenced 2 times from task.o(.text._Z12Process_Initv)
 <LI><a href="#[88]">screenView::setupScreen()</a> from screenview.o(.text._ZN10screenView11setupScreenEv) referenced from screenview.o(.rodata._ZTV10screenView)
 <LI><a href="#[90]">screenView::AlterWildcards()</a> from screenview.o(.text._ZN10screenView14AlterWildcardsEv) referenced from screenview.o(.rodata._ZTV10screenView)
 <LI><a href="#[8a]">screenView::tearDownScreen()</a> from screenview.o(.text._ZN10screenView14tearDownScreenEv) referenced from screenview.o(.rodata._ZTV10screenView)
 <LI><a href="#[86]">screenView::~screenView__deallocating()</a> from screenview.o(.text._ZN10screenViewD0Ev) referenced from screenview.o(.rodata._ZTV10screenView)
 <LI><a href="#[c1]">TouchGFXHAL::beginFrame()</a> from touchgfxhal.o(.text._ZN11TouchGFXHAL10beginFrameEv) referenced from touchgfxhal.o(.rodata._ZTV11TouchGFXHAL)
 <LI><a href="#[95]">TouchGFXHAL::initialize()</a> from touchgfxhal.o(.text._ZN11TouchGFXHAL10initializeEv) referenced from touchgfxhal.o(.rodata._ZTV11TouchGFXHAL)
 <LI><a href="#[b0]">TouchGFXHAL::enableInterrupts()</a> from touchgfxhal.o(.text._ZN11TouchGFXHAL16enableInterruptsEv) referenced from touchgfxhal.o(.rodata._ZTV11TouchGFXHAL)
 <LI><a href="#[98]">TouchGFXHAL::flushFrameBuffer(touchgfx::Rect const&)</a> from touchgfxhal.o(.text._ZN11TouchGFXHAL16flushFrameBufferERKN8touchgfx4RectE) referenced from touchgfxhal.o(.rodata._ZTV11TouchGFXHAL)
 <LI><a href="#[97]">TouchGFXHAL::flushFrameBuffer()</a> from touchgfxhal.o(.text._ZN11TouchGFXHAL16flushFrameBufferEv) referenced from touchgfxhal.o(.rodata._ZTV11TouchGFXHAL)
 <LI><a href="#[b1]">TouchGFXHAL::disableInterrupts()</a> from touchgfxhal.o(.text._ZN11TouchGFXHAL17disableInterruptsEv) referenced from touchgfxhal.o(.rodata._ZTV11TouchGFXHAL)
 <LI><a href="#[c3]">TouchGFXHAL::setTFTFrameBuffer(unsigned short*)</a> from touchgfxhal.o(.text._ZN11TouchGFXHAL17setTFTFrameBufferEPt) referenced from touchgfxhal.o(.rodata._ZTV11TouchGFXHAL)
 <LI><a href="#[af]">TouchGFXHAL::configureInterrupts()</a> from touchgfxhal.o(.text._ZN11TouchGFXHAL19configureInterruptsEv) referenced from touchgfxhal.o(.rodata._ZTV11TouchGFXHAL)
 <LI><a href="#[b2]">TouchGFXHAL::enableLCDControllerInterrupt()</a> from touchgfxhal.o(.text._ZN11TouchGFXHAL28enableLCDControllerInterruptEv) referenced from touchgfxhal.o(.rodata._ZTV11TouchGFXHAL)
 <LI><a href="#[c2]">TouchGFXHAL::endFrame()</a> from touchgfxhal.o(.text._ZN11TouchGFXHAL8endFrameEv) referenced from touchgfxhal.o(.rodata._ZTV11TouchGFXHAL)
 <LI><a href="#[9f]">TouchGFXHAL::blockCopy(void*, void const*, unsigned int)</a> from touchgfxhal.o(.text._ZN11TouchGFXHAL9blockCopyEPvPKvj) referenced from touchgfxhal.o(.rodata._ZTV11TouchGFXHAL)
 <LI><a href="#[92]">TouchGFXHAL::~TouchGFXHAL__deallocating()</a> from touchgfxhal.o(.text._ZN11TouchGFXHALD0Ev) referenced from touchgfxhal.o(.rodata._ZTV11TouchGFXHAL)
 <LI><a href="#[ca]">FrontendHeap::~FrontendHeap__deallocating()</a> from touchgfxconfiguration.o(.text._ZN12FrontendHeapD0Ev) referenced from touchgfxconfiguration.o(.rodata._ZTV12FrontendHeap)
 <LI><a href="#[7d]">FrontendHeap::~FrontendHeap__sub_object()</a> from touchgfxconfiguration.o(.text._ZN12FrontendHeapD2Ev) referenced from touchgfxconfiguration.o(.rodata._ZTV12FrontendHeap)
 <LI><a href="#[7d]">FrontendHeap::~FrontendHeap__sub_object()</a> from touchgfxconfiguration.o(.text._ZN12FrontendHeapD2Ev) referenced 2 times from touchgfxconfiguration.o(.text._ZN12FrontendHeap11getInstanceEv)
 <LI><a href="#[cd]">screenViewBase::setupScreen()</a> from screenviewbase.o(.text._ZN14screenViewBase11setupScreenEv) referenced from screenviewbase.o(.rodata._ZTV14screenViewBase)
 <LI><a href="#[cf]">screenViewBase::AlterWildcards()</a> from screenviewbase.o(.text._ZN14screenViewBase14AlterWildcardsEv) referenced from screenviewbase.o(.rodata._ZTV14screenViewBase)
 <LI><a href="#[8e]">screenViewBase::handleTickEvent()</a> from screenviewbase.o(.text._ZN14screenViewBase15handleTickEventEv) referenced from screenview.o(.rodata._ZTV10screenView)
 <LI><a href="#[8e]">screenViewBase::handleTickEvent()</a> from screenviewbase.o(.text._ZN14screenViewBase15handleTickEventEv) referenced from screenviewbase.o(.rodata._ZTV14screenViewBase)
 <LI><a href="#[cc]">screenViewBase::~screenViewBase__deallocating()</a> from screenviewbase.o(.text._ZN14screenViewBaseD0Ev) referenced from screenviewbase.o(.rodata._ZTV14screenViewBase)
 <LI><a href="#[85]">screenViewBase::~screenViewBase__sub_object()</a> from screenviewbase.o(.text._ZN14screenViewBaseD2Ev) referenced from screenview.o(.rodata._ZTV10screenView)
 <LI><a href="#[85]">screenViewBase::~screenViewBase__sub_object()</a> from screenviewbase.o(.text._ZN14screenViewBaseD2Ev) referenced from screenviewbase.o(.rodata._ZTV14screenViewBase)
 <LI><a href="#[d1]">screenPresenter::deactivate()</a> from screenpresenter.o(.text._ZN15screenPresenter10deactivateEv) referenced from screenpresenter.o(.rodata._ZTV15screenPresenter)
 <LI><a href="#[d0]">screenPresenter::activate()</a> from screenpresenter.o(.text._ZN15screenPresenter8activateEv) referenced from screenpresenter.o(.rodata._ZTV15screenPresenter)
 <LI><a href="#[d3]">screenPresenter::~screenPresenter__deallocating()</a> from screenpresenter.o(.text._ZN15screenPresenterD0Ev) referenced from screenpresenter.o(.rodata._ZTV15screenPresenter)
 <LI><a href="#[d2]">screenPresenter::~screenPresenter__sub_object()</a> from screenpresenter.o(.text._ZN15screenPresenterD2Ev) referenced from screenpresenter.o(.rodata._ZTV15screenPresenter)
 <LI><a href="#[cb]">FrontendHeapBase::gotoStartScreen(FrontendApplication&)</a> from touchgfxconfiguration.o(.text._ZN16FrontendHeapBase15gotoStartScreenER19FrontendApplication) referenced from touchgfxconfiguration.o(.rodata._ZTV12FrontendHeap)
 <LI><a href="#[da]">FrontendApplication::handleTickEvent()</a> from frontendapplication.o(.text._ZN19FrontendApplication15handleTickEventEv) referenced from frontendapplication.o(.rodata._ZTV19FrontendApplication)
 <LI><a href="#[dd]">FrontendApplication::~FrontendApplication__deallocating()</a> from frontendapplication.o(.text._ZN19FrontendApplicationD0Ev) referenced from frontendapplication.o(.rodata._ZTV19FrontendApplication)
 <LI><a href="#[ec]">STM32TouchController::sampleTouch(int&, int&)</a> from stm32touchcontroller.o(.text._ZN20STM32TouchController11sampleTouchERiS0_) referenced from stm32touchcontroller.o(.rodata._ZTV20STM32TouchController)
 <LI><a href="#[eb]">STM32TouchController::init()</a> from stm32touchcontroller.o(.text._ZN20STM32TouchController4initEv) referenced from stm32touchcontroller.o(.rodata._ZTV20STM32TouchController)
 <LI><a href="#[ea]">STM32TouchController::~STM32TouchController__deallocating()</a> from stm32touchcontroller.o(.text._ZN20STM32TouchControllerD0Ev) referenced from stm32touchcontroller.o(.rodata._ZTV20STM32TouchController)
 <LI><a href="#[ed]">ApplicationFontProvider::getFont(unsigned short)</a> from applicationfontprovider.o(.text._ZN23ApplicationFontProvider7getFontEt) referenced from applicationfontprovider.o(.rodata._ZTV23ApplicationFontProvider)
 <LI><a href="#[ef]">ApplicationFontProvider::~ApplicationFontProvider__deallocating()</a> from applicationfontprovider.o(.text._ZN23ApplicationFontProviderD0Ev) referenced from applicationfontprovider.o(.rodata._ZTV23ApplicationFontProvider)
 <LI><a href="#[de]">FrontendApplicationBase::changeToStartScreen()</a> from frontendapplication.o(.text._ZN23FrontendApplicationBase19changeToStartScreenEv) referenced from frontendapplication.o(.rodata._ZTV19FrontendApplication)
 <LI><a href="#[de]">FrontendApplicationBase::changeToStartScreen()</a> from frontendapplication.o(.text._ZN23FrontendApplicationBase19changeToStartScreenEv) referenced from frontendapplicationbase.o(.rodata._ZTV23FrontendApplicationBase)
 <LI><a href="#[7e]">FrontendApplicationBase::gotoscreenScreenNoTransitionImpl()</a> from frontendapplicationbase.o(.text._ZN23FrontendApplicationBase32gotoscreenScreenNoTransitionImplEv) referenced 2 times from frontendapplicationbase.o(.text._ZN23FrontendApplicationBase28gotoscreenScreenNoTransitionEv)
 <LI><a href="#[f1]">FrontendApplicationBase::~FrontendApplicationBase__deallocating()</a> from frontendapplicationbase.o(.text._ZN23FrontendApplicationBaseD0Ev) referenced from frontendapplicationbase.o(.rodata._ZTV23FrontendApplicationBase)
 <LI><a href="#[dc]">FrontendApplicationBase::~FrontendApplicationBase__sub_object()</a> from frontendapplication.o(.text._ZN23FrontendApplicationBaseD2Ev) referenced from frontendapplication.o(.rodata._ZTV19FrontendApplication)
 <LI><a href="#[dc]">FrontendApplicationBase::~FrontendApplicationBase__sub_object()</a> from frontendapplication.o(.text._ZN23FrontendApplicationBaseD2Ev) referenced from frontendapplicationbase.o(.rodata._ZTV23FrontendApplicationBase)
 <LI><a href="#[f2]">STM32DMA::getBlitCaps()</a> from stm32dma.o(.text._ZN8STM32DMA11getBlitCapsEv) referenced from stm32dma.o(.rodata._ZTV8STM32DMA)
 <LI><a href="#[fe]">STM32DMA::setupDataCopy(touchgfx::BlitOp const&)</a> from stm32dma.o(.text._ZN8STM32DMA13setupDataCopyERKN8touchgfx6BlitOpE) referenced from stm32dma.o(.rodata._ZTV8STM32DMA)
 <LI><a href="#[ff]">STM32DMA::setupDataFill(touchgfx::BlitOp const&)</a> from stm32dma.o(.text._ZN8STM32DMA13setupDataFillERKN8touchgfx6BlitOpE) referenced from stm32dma.o(.rodata._ZTV8STM32DMA)
 <LI><a href="#[f7]">STM32DMA::signalDMAInterrupt()</a> from stm32dma.o(.text._ZN8STM32DMA18signalDMAInterruptEv) referenced from stm32dma.o(.rodata._ZTV8STM32DMA)
 <LI><a href="#[f4]">STM32DMA::flush()</a> from stm32dma.o(.text._ZN8STM32DMA5flushEv) referenced from stm32dma.o(.rodata._ZTV8STM32DMA)
 <LI><a href="#[fa]">STM32DMA::~STM32DMA__deallocating()</a> from stm32dma.o(.text._ZN8STM32DMAD0Ev) referenced from stm32dma.o(.rodata._ZTV8STM32DMA)
 <LI><a href="#[f9]">STM32DMA::~STM32DMA__sub_object()</a> from stm32dma.o(.text._ZN8STM32DMAD2Ev) referenced from stm32dma.o(.rodata._ZTV8STM32DMA)
 <LI><a href="#[105]">touchgfx::ClickEvent::~ClickEvent__deallocating()</a> from screen.o(.text._ZN8touchgfx10ClickEventD0Ev) referenced from screen.o(.rodata._ZTVN8touchgfx10ClickEventE)
 <LI><a href="#[12e]">touchgfx::Transition::invalidate()</a> from frontendapplicationbase.o(.text._ZN8touchgfx10Transition10invalidateEv) referenced from frontendapplicationbase.o(.rodata._ZTVN8touchgfx12NoTransitionE)
 <LI><a href="#[12f]">touchgfx::Transition::setScreenContainer(touchgfx::Container&)</a> from frontendapplicationbase.o(.text._ZN8touchgfx10Transition18setScreenContainerERNS_9ContainerE) referenced from frontendapplicationbase.o(.rodata._ZTVN8touchgfx12NoTransitionE)
 <LI><a href="#[12d]">touchgfx::Transition::init()</a> from frontendapplicationbase.o(.text._ZN8touchgfx10Transition4initEv) referenced from frontendapplicationbase.o(.rodata._ZTVN8touchgfx12NoTransitionE)
 <LI><a href="#[12c]">touchgfx::Transition::tearDown()</a> from frontendapplicationbase.o(.text._ZN8touchgfx10Transition8tearDownEv) referenced from frontendapplicationbase.o(.rodata._ZTVN8touchgfx12NoTransitionE)
 <LI><a href="#[129]">touchgfx::Transition::~Transition__sub_object()</a> from frontendapplicationbase.o(.text._ZN8touchgfx10TransitionD2Ev) referenced from frontendapplicationbase.o(.rodata._ZTVN8touchgfx12NoTransitionE)
 <LI><a href="#[e5]">touchgfx::Application::invalidate()</a> from application.o(.text._ZN8touchgfx11Application10invalidateEv) referenced from frontendapplication.o(.rodata._ZTV19FrontendApplication)
 <LI><a href="#[e5]">touchgfx::Application::invalidate()</a> from application.o(.text._ZN8touchgfx11Application10invalidateEv) referenced from frontendapplicationbase.o(.rodata._ZTV23FrontendApplicationBase)
 <LI><a href="#[e5]">touchgfx::Application::invalidate()</a> from application.o(.text._ZN8touchgfx11Application10invalidateEv) referenced from application.o(.rodata._ZTVN8touchgfx11ApplicationE)
 <LI><a href="#[df]">touchgfx::Application::switchScreen(touchgfx::Screen*)</a> from application.o(.text._ZN8touchgfx11Application12switchScreenEPNS_6ScreenE) referenced from frontendapplication.o(.rodata._ZTV19FrontendApplication)
 <LI><a href="#[df]">touchgfx::Application::switchScreen(touchgfx::Screen*)</a> from application.o(.text._ZN8touchgfx11Application12switchScreenEPNS_6ScreenE) referenced from frontendapplicationbase.o(.rodata._ZTV23FrontendApplicationBase)
 <LI><a href="#[df]">touchgfx::Application::switchScreen(touchgfx::Screen*)</a> from application.o(.text._ZN8touchgfx11Application12switchScreenEPNS_6ScreenE) referenced from application.o(.rodata._ZTVN8touchgfx11ApplicationE)
 <LI><a href="#[e2]">touchgfx::Application::requestRedraw(touchgfx::Rect&)</a> from frontendapplication.o(.text._ZN8touchgfx11Application13requestRedrawERNS_4RectE) referenced from frontendapplication.o(.rodata._ZTV19FrontendApplication)
 <LI><a href="#[e2]">touchgfx::Application::requestRedraw(touchgfx::Rect&)</a> from frontendapplication.o(.text._ZN8touchgfx11Application13requestRedrawERNS_4RectE) referenced from frontendapplicationbase.o(.rodata._ZTV23FrontendApplicationBase)
 <LI><a href="#[e2]">touchgfx::Application::requestRedraw(touchgfx::Rect&)</a> from frontendapplication.o(.text._ZN8touchgfx11Application13requestRedrawERNS_4RectE) referenced from application.o(.rodata._ZTVN8touchgfx11ApplicationE)
 <LI><a href="#[e1]">touchgfx::Application::requestRedraw()</a> from application.o(.text._ZN8touchgfx11Application13requestRedrawEv) referenced from frontendapplication.o(.rodata._ZTV19FrontendApplication)
 <LI><a href="#[e1]">touchgfx::Application::requestRedraw()</a> from application.o(.text._ZN8touchgfx11Application13requestRedrawEv) referenced from frontendapplicationbase.o(.rodata._ZTV23FrontendApplicationBase)
 <LI><a href="#[e1]">touchgfx::Application::requestRedraw()</a> from application.o(.text._ZN8touchgfx11Application13requestRedrawEv) referenced from application.o(.rodata._ZTVN8touchgfx11ApplicationE)
 <LI><a href="#[d9]">touchgfx::Application::handleKeyEvent(unsigned char)</a> from application.o(.text._ZN8touchgfx11Application14handleKeyEventEh) referenced from frontendapplication.o(.rodata._ZTV19FrontendApplication)
 <LI><a href="#[d9]">touchgfx::Application::handleKeyEvent(unsigned char)</a> from application.o(.text._ZN8touchgfx11Application14handleKeyEventEh) referenced from frontendapplicationbase.o(.rodata._ZTV23FrontendApplicationBase)
 <LI><a href="#[d9]">touchgfx::Application::handleKeyEvent(unsigned char)</a> from application.o(.text._ZN8touchgfx11Application14handleKeyEventEh) referenced from application.o(.rodata._ZTVN8touchgfx11ApplicationE)
 <LI><a href="#[e6]">touchgfx::Application::invalidateArea(touchgfx::Rect)</a> from application.o(.text._ZN8touchgfx11Application14invalidateAreaENS_4RectE) referenced from frontendapplication.o(.rodata._ZTV19FrontendApplication)
 <LI><a href="#[e6]">touchgfx::Application::invalidateArea(touchgfx::Rect)</a> from application.o(.text._ZN8touchgfx11Application14invalidateAreaENS_4RectE) referenced from frontendapplicationbase.o(.rodata._ZTV23FrontendApplicationBase)
 <LI><a href="#[e6]">touchgfx::Application::invalidateArea(touchgfx::Rect)</a> from application.o(.text._ZN8touchgfx11Application14invalidateAreaENS_4RectE) referenced from application.o(.rodata._ZTVN8touchgfx11ApplicationE)
 <LI><a href="#[e0]">touchgfx::Application::appSwitchScreen(unsigned char)</a> from frontendapplication.o(.text._ZN8touchgfx11Application15appSwitchScreenEh) referenced from frontendapplication.o(.rodata._ZTV19FrontendApplication)
 <LI><a href="#[e0]">touchgfx::Application::appSwitchScreen(unsigned char)</a> from frontendapplication.o(.text._ZN8touchgfx11Application15appSwitchScreenEh) referenced from frontendapplicationbase.o(.rodata._ZTV23FrontendApplicationBase)
 <LI><a href="#[e0]">touchgfx::Application::appSwitchScreen(unsigned char)</a> from frontendapplication.o(.text._ZN8touchgfx11Application15appSwitchScreenEh) referenced from application.o(.rodata._ZTVN8touchgfx11ApplicationE)
 <LI><a href="#[e4]">touchgfx::Application::drawCachedAreas()</a> from application.o(.text._ZN8touchgfx11Application15drawCachedAreasEv) referenced from frontendapplication.o(.rodata._ZTV19FrontendApplication)
 <LI><a href="#[e4]">touchgfx::Application::drawCachedAreas()</a> from application.o(.text._ZN8touchgfx11Application15drawCachedAreasEv) referenced from frontendapplicationbase.o(.rodata._ZTV23FrontendApplicationBase)
 <LI><a href="#[e4]">touchgfx::Application::drawCachedAreas()</a> from application.o(.text._ZN8touchgfx11Application15drawCachedAreasEv) referenced from application.o(.rodata._ZTVN8touchgfx11ApplicationE)
 <LI><a href="#[d7]">touchgfx::Application::handleDragEvent(touchgfx::DragEvent const&)</a> from application.o(.text._ZN8touchgfx11Application15handleDragEventERKNS_9DragEventE) referenced from frontendapplication.o(.rodata._ZTV19FrontendApplication)
 <LI><a href="#[d7]">touchgfx::Application::handleDragEvent(touchgfx::DragEvent const&)</a> from application.o(.text._ZN8touchgfx11Application15handleDragEventERKNS_9DragEventE) referenced from frontendapplicationbase.o(.rodata._ZTV23FrontendApplicationBase)
 <LI><a href="#[d7]">touchgfx::Application::handleDragEvent(touchgfx::DragEvent const&)</a> from application.o(.text._ZN8touchgfx11Application15handleDragEventERKNS_9DragEventE) referenced from application.o(.rodata._ZTVN8touchgfx11ApplicationE)
 <LI><a href="#[f0]">touchgfx::Application::handleTickEvent()</a> from application.o(.text._ZN8touchgfx11Application15handleTickEventEv) referenced from frontendapplicationbase.o(.rodata._ZTV23FrontendApplicationBase)
 <LI><a href="#[f0]">touchgfx::Application::handleTickEvent()</a> from application.o(.text._ZN8touchgfx11Application15handleTickEventEv) referenced from application.o(.rodata._ZTVN8touchgfx11ApplicationE)
 <LI><a href="#[e3]">touchgfx::Application::clearCachedAreas()</a> from application.o(.text._ZN8touchgfx11Application16clearCachedAreasEv) referenced from frontendapplication.o(.rodata._ZTV19FrontendApplication)
 <LI><a href="#[e3]">touchgfx::Application::clearCachedAreas()</a> from application.o(.text._ZN8touchgfx11Application16clearCachedAreasEv) referenced from frontendapplicationbase.o(.rodata._ZTV23FrontendApplicationBase)
 <LI><a href="#[e3]">touchgfx::Application::clearCachedAreas()</a> from application.o(.text._ZN8touchgfx11Application16clearCachedAreasEv) referenced from application.o(.rodata._ZTVN8touchgfx11ApplicationE)
 <LI><a href="#[d6]">touchgfx::Application::handleClickEvent(touchgfx::ClickEvent const&)</a> from application.o(.text._ZN8touchgfx11Application16handleClickEventERKNS_10ClickEventE) referenced from frontendapplication.o(.rodata._ZTV19FrontendApplication)
 <LI><a href="#[d6]">touchgfx::Application::handleClickEvent(touchgfx::ClickEvent const&)</a> from application.o(.text._ZN8touchgfx11Application16handleClickEventERKNS_10ClickEventE) referenced from frontendapplicationbase.o(.rodata._ZTV23FrontendApplicationBase)
 <LI><a href="#[d6]">touchgfx::Application::handleClickEvent(touchgfx::ClickEvent const&)</a> from application.o(.text._ZN8touchgfx11Application16handleClickEventERKNS_10ClickEventE) referenced from application.o(.rodata._ZTVN8touchgfx11ApplicationE)
 <LI><a href="#[d8]">touchgfx::Application::handleGestureEvent(touchgfx::GestureEvent const&)</a> from application.o(.text._ZN8touchgfx11Application18handleGestureEventERKNS_12GestureEventE) referenced from frontendapplication.o(.rodata._ZTV19FrontendApplication)
 <LI><a href="#[d8]">touchgfx::Application::handleGestureEvent(touchgfx::GestureEvent const&)</a> from application.o(.text._ZN8touchgfx11Application18handleGestureEventERKNS_12GestureEventE) referenced from frontendapplicationbase.o(.rodata._ZTV23FrontendApplicationBase)
 <LI><a href="#[d8]">touchgfx::Application::handleGestureEvent(touchgfx::GestureEvent const&)</a> from application.o(.text._ZN8touchgfx11Application18handleGestureEventERKNS_12GestureEventE) referenced from application.o(.rodata._ZTVN8touchgfx11ApplicationE)
 <LI><a href="#[10a]">touchgfx::Application::changeToStartScreen()</a> from application.o(.text._ZN8touchgfx11Application19changeToStartScreenEv) referenced from application.o(.rodata._ZTVN8touchgfx11ApplicationE)
 <LI><a href="#[107]">touchgfx::Application::handlePendingScreenTransition()</a> from application.o(.text._ZN8touchgfx11Application29handlePendingScreenTransitionEv) referenced from application.o(.rodata._ZTVN8touchgfx11ApplicationE)
 <LI><a href="#[e8]">touchgfx::Application::draw(touchgfx::Rect&)</a> from application.o(.text._ZN8touchgfx11Application4drawERNS_4RectE) referenced from frontendapplication.o(.rodata._ZTV19FrontendApplication)
 <LI><a href="#[e8]">touchgfx::Application::draw(touchgfx::Rect&)</a> from application.o(.text._ZN8touchgfx11Application4drawERNS_4RectE) referenced from frontendapplicationbase.o(.rodata._ZTV23FrontendApplicationBase)
 <LI><a href="#[e8]">touchgfx::Application::draw(touchgfx::Rect&)</a> from application.o(.text._ZN8touchgfx11Application4drawERNS_4RectE) referenced from application.o(.rodata._ZTVN8touchgfx11ApplicationE)
 <LI><a href="#[e7]">touchgfx::Application::draw()</a> from application.o(.text._ZN8touchgfx11Application4drawEv) referenced from frontendapplication.o(.rodata._ZTV19FrontendApplication)
 <LI><a href="#[e7]">touchgfx::Application::draw()</a> from application.o(.text._ZN8touchgfx11Application4drawEv) referenced from frontendapplicationbase.o(.rodata._ZTV23FrontendApplicationBase)
 <LI><a href="#[e7]">touchgfx::Application::draw()</a> from application.o(.text._ZN8touchgfx11Application4drawEv) referenced from application.o(.rodata._ZTVN8touchgfx11ApplicationE)
 <LI><a href="#[109]">touchgfx::Application::~Application__deallocating()</a> from application.o(.text._ZN8touchgfx11ApplicationD0Ev) referenced from application.o(.rodata._ZTVN8touchgfx11ApplicationE)
 <LI><a href="#[123]">touchgfx::CanvasWidget::setAlpha(unsigned char)</a> from circle.o(.text._ZN8touchgfx12CanvasWidget8setAlphaEh) referenced from canvaswidget.o(.rodata._ZTVN8touchgfx12CanvasWidgetE)
 <LI><a href="#[123]">touchgfx::CanvasWidget::setAlpha(unsigned char)</a> from circle.o(.text._ZN8touchgfx12CanvasWidget8setAlphaEh) referenced from line.o(.rodata._ZTVN8touchgfx4LineE)
 <LI><a href="#[123]">touchgfx::CanvasWidget::setAlpha(unsigned char)</a> from circle.o(.text._ZN8touchgfx12CanvasWidget8setAlphaEh) referenced from circle.o(.rodata._ZTVN8touchgfx6CircleE)
 <LI><a href="#[10c]">touchgfx::CanvasWidget::~CanvasWidget__deallocating()</a> from canvaswidget.o(.text._ZN8touchgfx12CanvasWidgetD0Ev) referenced from canvaswidget.o(.rodata._ZTVN8touchgfx12CanvasWidgetE)
 <LI><a href="#[ee]">touchgfx::FontProvider::~FontProvider__sub_object()</a> from applicationfontprovider.o(.text._ZN8touchgfx12FontProviderD2Ev) referenced from applicationfontprovider.o(.rodata._ZTV23ApplicationFontProvider)
 <LI><a href="#[127]">touchgfx::GestureEvent::~GestureEvent__deallocating()</a> from screen.o(.text._ZN8touchgfx12GestureEventD0Ev) referenced from screen.o(.rodata._ZTVN8touchgfx12GestureEventE)
 <LI><a href="#[12b]">touchgfx::NoTransition::handleTickEvent()</a> from frontendapplicationbase.o(.text._ZN8touchgfx12NoTransition15handleTickEventEv) referenced from frontendapplicationbase.o(.rodata._ZTVN8touchgfx12NoTransitionE)
 <LI><a href="#[12a]">touchgfx::NoTransition::~NoTransition__deallocating()</a> from frontendapplicationbase.o(.text._ZN8touchgfx12NoTransitionD0Ev) referenced from frontendapplicationbase.o(.rodata._ZTVN8touchgfx12NoTransitionE)
 <LI><a href="#[130]">touchgfx::BoxWithBorder::~BoxWithBorder__deallocating()</a> from boxwithborder.o(.text._ZN8touchgfx13BoxWithBorderD0Ev) referenced from boxwithborder.o(.rodata._ZTVN8touchgfx13BoxWithBorderE)
 <LI><a href="#[f3]">touchgfx::DMA_Interface::addToQueue(touchgfx::BlitOp const&)</a> from dma.o(.text._ZN8touchgfx13DMA_Interface10addToQueueERKNS_6BlitOpE) referenced from stm32dma.o(.rodata._ZTV8STM32DMA)
 <LI><a href="#[f8]">touchgfx::DMA_Interface::getDMAType()</a> from stm32dma.o(.text._ZN8touchgfx13DMA_Interface10getDMATypeEv) referenced from stm32dma.o(.rodata._ZTV8STM32DMA)
 <LI><a href="#[f5]">touchgfx::DMA_Interface::initialize()</a> from stm32dma.o(.text._ZN8touchgfx13DMA_Interface10initializeEv) referenced from stm32dma.o(.rodata._ZTV8STM32DMA)
 <LI><a href="#[100]">touchgfx::DMA_Interface::enableAlpha(unsigned char)</a> from dma.o(.text._ZN8touchgfx13DMA_Interface11enableAlphaEh) referenced from stm32dma.o(.rodata._ZTV8STM32DMA)
 <LI><a href="#[101]">touchgfx::DMA_Interface::disableAlpha()</a> from dma.o(.text._ZN8touchgfx13DMA_Interface12disableAlphaEv) referenced from stm32dma.o(.rodata._ZTV8STM32DMA)
 <LI><a href="#[fd]">touchgfx::DMA_Interface::seedExecution()</a> from dma.o(.text._ZN8touchgfx13DMA_Interface13seedExecutionEv) referenced from stm32dma.o(.rodata._ZTV8STM32DMA)
 <LI><a href="#[fc]">touchgfx::DMA_Interface::executeCompleted()</a> from dma.o(.text._ZN8touchgfx13DMA_Interface16executeCompletedEv) referenced from stm32dma.o(.rodata._ZTV8STM32DMA)
 <LI><a href="#[103]">touchgfx::DMA_Interface::waitForFrameBufferSemaphore()</a> from dma.o(.text._ZN8touchgfx13DMA_Interface27waitForFrameBufferSemaphoreEv) referenced from stm32dma.o(.rodata._ZTV8STM32DMA)
 <LI><a href="#[102]">touchgfx::DMA_Interface::enableCopyWithTransparentPixels(unsigned char)</a> from dma.o(.text._ZN8touchgfx13DMA_Interface31enableCopyWithTransparentPixelsEh) referenced from stm32dma.o(.rodata._ZTV8STM32DMA)
 <LI><a href="#[f6]">touchgfx::DMA_Interface::start()</a> from dma.o(.text._ZN8touchgfx13DMA_Interface5startEv) referenced from stm32dma.o(.rodata._ZTV8STM32DMA)
 <LI><a href="#[fb]">touchgfx::DMA_Interface::execute()</a> from dma.o(.text._ZN8touchgfx13DMA_Interface7executeEv) referenced from stm32dma.o(.rodata._ZTV8STM32DMA)
 <LI><a href="#[136]">touchgfx::GeneratedFont::~GeneratedFont__deallocating()</a> from generatedfont.o(.text._ZN8touchgfx13GeneratedFontD0Ev) referenced from generatedfont.o(.rodata._ZTVN8touchgfx13GeneratedFontE)
 <LI><a href="#[153]">touchgfx::PainterRGB565::setColor(touchgfx::colortype)</a> from painterrgb565.o(.text._ZN8touchgfx13PainterRGB5658setColorENS_9colortypeE) referenced from painterrgb565.o(.rodata._ZTVN8touchgfx13PainterRGB565E)
 <LI><a href="#[14e]">touchgfx::PainterRGB565::~PainterRGB565__deallocating()</a> from painterrgb565.o(.text._ZN8touchgfx13PainterRGB565D0Ev) referenced from painterrgb565.o(.rodata._ZTVN8touchgfx13PainterRGB565E)
 <LI><a href="#[14d]">touchgfx::PainterRGB565::~PainterRGB565__sub_object()</a> from painterrgb565.o(.text._ZN8touchgfx13PainterRGB565D2Ev) referenced from painterrgb565.o(.rodata._ZTVN8touchgfx13PainterRGB565E)
 <LI><a href="#[db]">touchgfx::MVPApplication::handlePendingScreenTransition()</a> from frontendapplication.o(.text._ZN8touchgfx14MVPApplication29handlePendingScreenTransitionEv) referenced from frontendapplication.o(.rodata._ZTV19FrontendApplication)
 <LI><a href="#[db]">touchgfx::MVPApplication::handlePendingScreenTransition()</a> from frontendapplication.o(.text._ZN8touchgfx14MVPApplication29handlePendingScreenTransitionEv) referenced from frontendapplicationbase.o(.rodata._ZTV23FrontendApplicationBase)
 <LI><a href="#[16e]">touchgfx::AbstractPainter::~AbstractPainter__sub_object()</a> from screenviewbase.o(.text._ZN8touchgfx15AbstractPainterD2Ev) referenced from screenviewbase.o(.rodata._ZTVN8touchgfx21AbstractPainterRGB565E)
 <LI><a href="#[19b]">touchgfx::GenericCallback&lang;void, void, void&rang;::~GenericCallback__sub_object()</a> from frontendapplicationbase.o(.text._ZN8touchgfx15GenericCallbackIvvvED2Ev) referenced from frontendapplicationbase.o(.rodata._ZTVN8touchgfx8CallbackI23FrontendApplicationBasevvvEE)
 <LI><a href="#[e9]">touchgfx::TouchController::~TouchController__sub_object()</a> from stm32touchcontroller.o(.text._ZN8touchgfx15TouchControllerD2Ev) referenced from stm32touchcontroller.o(.rodata._ZTV20STM32TouchController)
 <LI><a href="#[108]">touchgfx::UIEventListener::~UIEventListener__sub_object()</a> from application.o(.text._ZN8touchgfx15UIEventListenerD2Ev) referenced from application.o(.rodata._ZTVN8touchgfx11ApplicationE)
 <LI><a href="#[7f]">touchgfx::TouchCalibration::muldiv(int, int, int, int, int&)</a> from touchcalibration.o(.text._ZN8touchgfx16TouchCalibration6muldivEiiiiRi) referenced from touchcalibration.o(.text._ZN8touchgfx16TouchCalibration14translatePointERNS_5PointE)
 <LI><a href="#[15a]">touchgfx::AbstractPartition::allocateAt(unsigned short, unsigned short)</a> from abstractpartition.o(.text._ZN8touchgfx17AbstractPartition10allocateAtEtt) referenced from abstractpartition.o(.rodata._ZTVN8touchgfx17AbstractPartitionE)
 <LI><a href="#[15a]">touchgfx::AbstractPartition::allocateAt(unsigned short, unsigned short)</a> from abstractpartition.o(.text._ZN8touchgfx17AbstractPartition10allocateAtEtt) referenced from touchgfxconfiguration.o(.rodata._ZTVN8touchgfx9PartitionINS_4meta8TypeListI10screenViewNS2_INS1_3NilES4_EEEELt1EEE)
 <LI><a href="#[15a]">touchgfx::AbstractPartition::allocateAt(unsigned short, unsigned short)</a> from abstractpartition.o(.text._ZN8touchgfx17AbstractPartition10allocateAtEtt) referenced from touchgfxconfiguration.o(.rodata._ZTVN8touchgfx9PartitionINS_4meta8TypeListI15screenPresenterNS2_INS1_3NilES4_EEEELt1EEE)
 <LI><a href="#[15a]">touchgfx::AbstractPartition::allocateAt(unsigned short, unsigned short)</a> from abstractpartition.o(.text._ZN8touchgfx17AbstractPartition10allocateAtEtt) referenced from touchgfxconfiguration.o(.rodata._ZTVN8touchgfx9PartitionINS_4meta8TypeListINS_12NoTransitionENS2_INS1_3NilES4_EEEELt1EEE)
 <LI><a href="#[15d]">touchgfx::AbstractPartition::clear()</a> from abstractpartition.o(.text._ZN8touchgfx17AbstractPartition5clearEv) referenced from abstractpartition.o(.rodata._ZTVN8touchgfx17AbstractPartitionE)
 <LI><a href="#[15d]">touchgfx::AbstractPartition::clear()</a> from abstractpartition.o(.text._ZN8touchgfx17AbstractPartition5clearEv) referenced from touchgfxconfiguration.o(.rodata._ZTVN8touchgfx9PartitionINS_4meta8TypeListI10screenViewNS2_INS1_3NilES4_EEEELt1EEE)
 <LI><a href="#[15d]">touchgfx::AbstractPartition::clear()</a> from abstractpartition.o(.text._ZN8touchgfx17AbstractPartition5clearEv) referenced from touchgfxconfiguration.o(.rodata._ZTVN8touchgfx9PartitionINS_4meta8TypeListI15screenPresenterNS2_INS1_3NilES4_EEEELt1EEE)
 <LI><a href="#[15d]">touchgfx::AbstractPartition::clear()</a> from abstractpartition.o(.text._ZN8touchgfx17AbstractPartition5clearEv) referenced from touchgfxconfiguration.o(.rodata._ZTVN8touchgfx9PartitionINS_4meta8TypeListINS_12NoTransitionENS2_INS1_3NilES4_EEEELt1EEE)
 <LI><a href="#[15c]">touchgfx::AbstractPartition::indexOf(void const*)</a> from abstractpartition.o(.text._ZN8touchgfx17AbstractPartition7indexOfEPKv) referenced from abstractpartition.o(.rodata._ZTVN8touchgfx17AbstractPartitionE)
 <LI><a href="#[15c]">touchgfx::AbstractPartition::indexOf(void const*)</a> from abstractpartition.o(.text._ZN8touchgfx17AbstractPartition7indexOfEPKv) referenced from touchgfxconfiguration.o(.rodata._ZTVN8touchgfx9PartitionINS_4meta8TypeListI10screenViewNS2_INS1_3NilES4_EEEELt1EEE)
 <LI><a href="#[15c]">touchgfx::AbstractPartition::indexOf(void const*)</a> from abstractpartition.o(.text._ZN8touchgfx17AbstractPartition7indexOfEPKv) referenced from touchgfxconfiguration.o(.rodata._ZTVN8touchgfx9PartitionINS_4meta8TypeListI15screenPresenterNS2_INS1_3NilES4_EEEELt1EEE)
 <LI><a href="#[15c]">touchgfx::AbstractPartition::indexOf(void const*)</a> from abstractpartition.o(.text._ZN8touchgfx17AbstractPartition7indexOfEPKv) referenced from touchgfxconfiguration.o(.rodata._ZTVN8touchgfx9PartitionINS_4meta8TypeListINS_12NoTransitionENS2_INS1_3NilES4_EEEELt1EEE)
 <LI><a href="#[159]">touchgfx::AbstractPartition::allocate(unsigned short)</a> from abstractpartition.o(.text._ZN8touchgfx17AbstractPartition8allocateEt) referenced from abstractpartition.o(.rodata._ZTVN8touchgfx17AbstractPartitionE)
 <LI><a href="#[159]">touchgfx::AbstractPartition::allocate(unsigned short)</a> from abstractpartition.o(.text._ZN8touchgfx17AbstractPartition8allocateEt) referenced from touchgfxconfiguration.o(.rodata._ZTVN8touchgfx9PartitionINS_4meta8TypeListI10screenViewNS2_INS1_3NilES4_EEEELt1EEE)
 <LI><a href="#[159]">touchgfx::AbstractPartition::allocate(unsigned short)</a> from abstractpartition.o(.text._ZN8touchgfx17AbstractPartition8allocateEt) referenced from touchgfxconfiguration.o(.rodata._ZTVN8touchgfx9PartitionINS_4meta8TypeListI15screenPresenterNS2_INS1_3NilES4_EEEELt1EEE)
 <LI><a href="#[159]">touchgfx::AbstractPartition::allocate(unsigned short)</a> from abstractpartition.o(.text._ZN8touchgfx17AbstractPartition8allocateEt) referenced from touchgfxconfiguration.o(.rodata._ZTVN8touchgfx9PartitionINS_4meta8TypeListINS_12NoTransitionENS2_INS1_3NilES4_EEEELt1EEE)
 <LI><a href="#[158]">touchgfx::AbstractPartition::~AbstractPartition__deallocating()</a> from abstractpartition.o(.text._ZN8touchgfx17AbstractPartitionD0Ev) referenced from abstractpartition.o(.rodata._ZTVN8touchgfx17AbstractPartitionE)
 <LI><a href="#[157]">touchgfx::AbstractPartition::~AbstractPartition__sub_object()</a> from abstractpartition.o(.text._ZN8touchgfx17AbstractPartitionD2Ev) referenced from abstractpartition.o(.rodata._ZTVN8touchgfx17AbstractPartitionE)
 <LI><a href="#[157]">touchgfx::AbstractPartition::~AbstractPartition__sub_object()</a> from abstractpartition.o(.text._ZN8touchgfx17AbstractPartitionD2Ev) referenced from touchgfxconfiguration.o(.rodata._ZTVN8touchgfx9PartitionINS_4meta8TypeListI10screenViewNS2_INS1_3NilES4_EEEELt1EEE)
 <LI><a href="#[157]">touchgfx::AbstractPartition::~AbstractPartition__sub_object()</a> from abstractpartition.o(.text._ZN8touchgfx17AbstractPartitionD2Ev) referenced from touchgfxconfiguration.o(.rodata._ZTVN8touchgfx9PartitionINS_4meta8TypeListI15screenPresenterNS2_INS1_3NilES4_EEEELt1EEE)
 <LI><a href="#[157]">touchgfx::AbstractPartition::~AbstractPartition__sub_object()</a> from abstractpartition.o(.text._ZN8touchgfx17AbstractPartitionD2Ev) referenced from touchgfxconfiguration.o(.rodata._ZTVN8touchgfx9PartitionINS_4meta8TypeListINS_12NoTransitionENS2_INS1_3NilES4_EEEELt1EEE)
 <LI><a href="#[160]">touchgfx::LockFreeDMA_Queue::pushCopyOf(touchgfx::BlitOp const&)</a> from dma.o(.text._ZN8touchgfx17LockFreeDMA_Queue10pushCopyOfERKNS_6BlitOpE) referenced from dma.o(.rodata._ZTVN8touchgfx17LockFreeDMA_QueueE)
 <LI><a href="#[163]">touchgfx::LockFreeDMA_Queue::pop()</a> from dma.o(.text._ZN8touchgfx17LockFreeDMA_Queue3popEv) referenced from dma.o(.rodata._ZTVN8touchgfx17LockFreeDMA_QueueE)
 <LI><a href="#[164]">touchgfx::LockFreeDMA_Queue::first()</a> from dma.o(.text._ZN8touchgfx17LockFreeDMA_Queue5firstEv) referenced from dma.o(.rodata._ZTVN8touchgfx17LockFreeDMA_QueueE)
 <LI><a href="#[15f]">touchgfx::LockFreeDMA_Queue::isFull()</a> from dma.o(.text._ZN8touchgfx17LockFreeDMA_Queue6isFullEv) referenced from dma.o(.rodata._ZTVN8touchgfx17LockFreeDMA_QueueE)
 <LI><a href="#[15e]">touchgfx::LockFreeDMA_Queue::isEmpty()</a> from dma.o(.text._ZN8touchgfx17LockFreeDMA_Queue7isEmptyEv) referenced from dma.o(.rodata._ZTVN8touchgfx17LockFreeDMA_QueueE)
 <LI><a href="#[162]">touchgfx::LockFreeDMA_Queue::~LockFreeDMA_Queue__deallocating()</a> from dma.o(.text._ZN8touchgfx17LockFreeDMA_QueueD0Ev) referenced from dma.o(.rodata._ZTVN8touchgfx17LockFreeDMA_QueueE)
 <LI><a href="#[165]">touchgfx::ManyBlockAllocator&lang;640u, 1u, 2u&rang;::allocateBlock(unsigned short, unsigned short, unsigned short, unsigned short, unsigned char**)</a> from touchgfxgeneratedhal.o(.text._ZN8touchgfx18ManyBlockAllocatorILj640ELj1ELj2EE13allocateBlockEttttPPh) referenced from touchgfxgeneratedhal.o(.rodata._ZTVN8touchgfx18ManyBlockAllocatorILj640ELj1ELj2EEE)
 <LI><a href="#[16a]">touchgfx::ManyBlockAllocator&lang;640u, 1u, 2u&rang;::hasEmptyBlock()</a> from touchgfxgeneratedhal.o(.text._ZN8touchgfx18ManyBlockAllocatorILj640ELj1ELj2EE13hasEmptyBlockEv) referenced from touchgfxgeneratedhal.o(.rodata._ZTVN8touchgfx18ManyBlockAllocatorILj640ELj1ELj2EEE)
 <LI><a href="#[168]">touchgfx::ManyBlockAllocator&lang;640u, 1u, 2u&rang;::getBlockForTransfer(touchgfx::Rect&)</a> from touchgfxgeneratedhal.o(.text._ZN8touchgfx18ManyBlockAllocatorILj640ELj1ELj2EE19getBlockForTransferERNS_4RectE) referenced from touchgfxgeneratedhal.o(.rodata._ZTVN8touchgfx18ManyBlockAllocatorILj640ELj1ELj2EEE)
 <LI><a href="#[169]">touchgfx::ManyBlockAllocator&lang;640u, 1u, 2u&rang;::peekBlockForTransfer()</a> from touchgfxgeneratedhal.o(.text._ZN8touchgfx18ManyBlockAllocatorILj640ELj1ELj2EE20peekBlockForTransferEv) referenced from touchgfxgeneratedhal.o(.rodata._ZTVN8touchgfx18ManyBlockAllocatorILj640ELj1ELj2EEE)
 <LI><a href="#[16b]">touchgfx::ManyBlockAllocator&lang;640u, 1u, 2u&rang;::freeBlockAfterTransfer()</a> from touchgfxgeneratedhal.o(.text._ZN8touchgfx18ManyBlockAllocatorILj640ELj1ELj2EE22freeBlockAfterTransferEv) referenced from touchgfxgeneratedhal.o(.rodata._ZTVN8touchgfx18ManyBlockAllocatorILj640ELj1ELj2EEE)
 <LI><a href="#[167]">touchgfx::ManyBlockAllocator&lang;640u, 1u, 2u&rang;::hasBlockReadyForTransfer()</a> from touchgfxgeneratedhal.o(.text._ZN8touchgfx18ManyBlockAllocatorILj640ELj1ELj2EE24hasBlockReadyForTransferEv) referenced from touchgfxgeneratedhal.o(.rodata._ZTVN8touchgfx18ManyBlockAllocatorILj640ELj1ELj2EEE)
 <LI><a href="#[166]">touchgfx::ManyBlockAllocator&lang;640u, 1u, 2u&rang;::markBlockReadyForTransfer()</a> from touchgfxgeneratedhal.o(.text._ZN8touchgfx18ManyBlockAllocatorILj640ELj1ELj2EE25markBlockReadyForTransferEv) referenced from touchgfxgeneratedhal.o(.rodata._ZTVN8touchgfx18ManyBlockAllocatorILj640ELj1ELj2EEE)
 <LI><a href="#[16d]">touchgfx::ManyBlockAllocator&lang;640u, 1u, 2u&rang;::~ManyBlockAllocator__deallocating()</a> from touchgfxgeneratedhal.o(.text._ZN8touchgfx18ManyBlockAllocatorILj640ELj1ELj2EED0Ev) referenced from touchgfxgeneratedhal.o(.rodata._ZTVN8touchgfx18ManyBlockAllocatorILj640ELj1ELj2EEE)
 <LI><a href="#[16c]">touchgfx::FrameBufferAllocator::~FrameBufferAllocator__sub_object()</a> from touchgfxgeneratedhal.o(.text._ZN8touchgfx20FrameBufferAllocatorD2Ev) referenced from touchgfxgeneratedhal.o(.rodata._ZTVN8touchgfx18ManyBlockAllocatorILj640ELj1ELj2EEE)
 <LI><a href="#[16f]">touchgfx::AbstractPainterRGB565::~AbstractPainterRGB565__deallocating()</a> from screenviewbase.o(.text._ZN8touchgfx21AbstractPainterRGB565D0Ev) referenced from screenviewbase.o(.rodata._ZTVN8touchgfx21AbstractPainterRGB565E)
 <LI><a href="#[80]">touchgfx::DisplayTransformation::transformDisplayToFrameBuffer(float&, float&, touchgfx::Rect const&)</a> from displaytransformation.o(.text._ZN8touchgfx21DisplayTransformation29transformDisplayToFrameBufferERfS1_RKNS_4RectE) referenced from lcd.o(.text._ZN8touchgfx3LCD16drawScaledBitmapERKNS_6BitmapERKNS_4RectES6_th)
 <LI><a href="#[173]">touchgfx::TextAreaWithOneWildcard::~TextAreaWithOneWildcard__deallocating()</a> from screenviewbase.o(.text._ZN8touchgfx23TextAreaWithOneWildcardD0Ev) referenced from screenviewbase.o(.rodata._ZTVN8touchgfx23TextAreaWithOneWildcardE)
 <LI><a href="#[183]">touchgfx::Box::~Box__deallocating()</a> from box.o(.text._ZN8touchgfx3BoxD0Ev) referenced from box.o(.rodata._ZTVN8touchgfx3BoxE)
 <LI><a href="#[c8]">touchgfx::HAL::FlushCache()</a> from touchgfxhal.o(.text._ZN8touchgfx3HAL10FlushCacheEv) referenced from touchgfxhal.o(.rodata._ZTV11TouchGFXHAL)
 <LI><a href="#[c8]">touchgfx::HAL::FlushCache()</a> from touchgfxhal.o(.text._ZN8touchgfx3HAL10FlushCacheEv) referenced from hal.o(.rodata._ZTVN8touchgfx3HALE)
 <LI><a href="#[18a]">touchgfx::HAL::beginFrame()</a> from hal.o(.text._ZN8touchgfx3HAL10beginFrameEv) referenced from hal.o(.rodata._ZTVN8touchgfx3HALE)
 <LI><a href="#[bc]">touchgfx::HAL::getDMAType()</a> from touchgfxhal.o(.text._ZN8touchgfx3HAL10getDMATypeEv) referenced from touchgfxhal.o(.rodata._ZTV11TouchGFXHAL)
 <LI><a href="#[bc]">touchgfx::HAL::getDMAType()</a> from touchgfxhal.o(.text._ZN8touchgfx3HAL10getDMATypeEv) referenced from hal.o(.rodata._ZTVN8touchgfx3HALE)
 <LI><a href="#[186]">touchgfx::HAL::initialize()</a> from hal.o(.text._ZN8touchgfx3HAL10initializeEv) referenced from hal.o(.rodata._ZTVN8touchgfx3HALE)
 <LI><a href="#[a0]">touchgfx::HAL::getBlitCaps()</a> from hal.o(.text._ZN8touchgfx3HAL11getBlitCapsEv) referenced from touchgfxhal.o(.rodata._ZTV11TouchGFXHAL)
 <LI><a href="#[a0]">touchgfx::HAL::getBlitCaps()</a> from hal.o(.text._ZN8touchgfx3HAL11getBlitCapsEv) referenced from hal.o(.rodata._ZTVN8touchgfx3HALE)
 <LI><a href="#[9b]">touchgfx::HAL::submitGPU2D()</a> from touchgfxhal.o(.text._ZN8touchgfx3HAL11submitGPU2DEv) referenced from touchgfxhal.o(.rodata._ZTV11TouchGFXHAL)
 <LI><a href="#[9b]">touchgfx::HAL::submitGPU2D()</a> from touchgfxhal.o(.text._ZN8touchgfx3HAL11submitGPU2DEv) referenced from hal.o(.rodata._ZTVN8touchgfx3HALE)
 <LI><a href="#[a4]">touchgfx::HAL::blitCopyWord(unsigned short const*, unsigned short, unsigned short, unsigned short, unsigned short, unsigned short, unsigned short)</a> from hal.o(.text._ZN8touchgfx3HAL12blitCopyWordEPKttttttt) referenced from touchgfxhal.o(.rodata._ZTV11TouchGFXHAL)
 <LI><a href="#[a4]">touchgfx::HAL::blitCopyWord(unsigned short const*, unsigned short, unsigned short, unsigned short, unsigned short, unsigned short, unsigned short)</a> from hal.o(.text._ZN8touchgfx3HAL12blitCopyWordEPKttttttt) referenced from hal.o(.rodata._ZTVN8touchgfx3HALE)
 <LI><a href="#[a5]">touchgfx::HAL::blitFillWord(unsigned short, unsigned short, unsigned short, unsigned short, unsigned short, unsigned short)</a> from hal.o(.text._ZN8touchgfx3HAL12blitFillWordEtttttt) referenced from touchgfxhal.o(.rodata._ZTV11TouchGFXHAL)
 <LI><a href="#[a5]">touchgfx::HAL::blitFillWord(unsigned short, unsigned short, unsigned short, unsigned short, unsigned short, unsigned short)</a> from hal.o(.text._ZN8touchgfx3HAL12blitFillWordEtttttt) referenced from hal.o(.rodata._ZTVN8touchgfx3HALE)
 <LI><a href="#[a7]">touchgfx::HAL::blitCopyGlyph(unsigned char const*, unsigned short, unsigned short, unsigned short, unsigned short, unsigned short, touchgfx::colortype, unsigned char, touchgfx::BlitOperations, bool)</a> from hal.o(.text._ZN8touchgfx3HAL13blitCopyGlyphEPKhtttttNS_9colortypeEhNS_14BlitOperationsEb) referenced from touchgfxhal.o(.rodata._ZTV11TouchGFXHAL)
 <LI><a href="#[a7]">touchgfx::HAL::blitCopyGlyph(unsigned char const*, unsigned short, unsigned short, unsigned short, unsigned short, unsigned short, touchgfx::colortype, unsigned char, touchgfx::BlitOperations, bool)</a> from hal.o(.text._ZN8touchgfx3HAL13blitCopyGlyphEPKhtttttNS_9colortypeEhNS_14BlitOperationsEb) referenced from hal.o(.rodata._ZTVN8touchgfx3HALE)
 <LI><a href="#[c7]">touchgfx::HAL::InvalidateCache()</a> from touchgfxhal.o(.text._ZN8touchgfx3HAL15InvalidateCacheEv) referenced from touchgfxhal.o(.rodata._ZTV11TouchGFXHAL)
 <LI><a href="#[c7]">touchgfx::HAL::InvalidateCache()</a> from touchgfxhal.o(.text._ZN8touchgfx3HAL15InvalidateCacheEv) referenced from hal.o(.rodata._ZTVN8touchgfx3HALE)
 <LI><a href="#[ae]">touchgfx::HAL::backPorchExited()</a> from touchgfxhal.o(.text._ZN8touchgfx3HAL15backPorchExitedEv) referenced from touchgfxhal.o(.rodata._ZTV11TouchGFXHAL)
 <LI><a href="#[ae]">touchgfx::HAL::backPorchExited()</a> from touchgfxhal.o(.text._ZN8touchgfx3HAL15backPorchExitedEv) referenced from hal.o(.rodata._ZTVN8touchgfx3HALE)
 <LI><a href="#[9c]">touchgfx::HAL::lockFrameBuffer()</a> from hal.o(.text._ZN8touchgfx3HAL15lockFrameBufferEv) referenced from touchgfxhal.o(.rodata._ZTV11TouchGFXHAL)
 <LI><a href="#[9c]">touchgfx::HAL::lockFrameBuffer()</a> from hal.o(.text._ZN8touchgfx3HAL15lockFrameBufferEv) referenced from hal.o(.rodata._ZTVN8touchgfx3HALE)
 <LI><a href="#[a6]">touchgfx::HAL::blitCopyARGB8888(unsigned short const*, unsigned short, unsigned short, unsigned short, unsigned short, unsigned short, unsigned char, bool)</a> from hal.o(.text._ZN8touchgfx3HAL16blitCopyARGB8888EPKtttttthb) referenced from touchgfxhal.o(.rodata._ZTV11TouchGFXHAL)
 <LI><a href="#[a6]">touchgfx::HAL::blitCopyARGB8888(unsigned short const*, unsigned short, unsigned short, unsigned short, unsigned short, unsigned short, unsigned char, bool)</a> from hal.o(.text._ZN8touchgfx3HAL16blitCopyARGB8888EPKtttttthb) referenced from hal.o(.rodata._ZTVN8touchgfx3HALE)
 <LI><a href="#[188]">touchgfx::HAL::flushFrameBuffer(touchgfx::Rect const&)</a> from hal.o(.text._ZN8touchgfx3HAL16flushFrameBufferERKNS_4RectE) referenced from hal.o(.rodata._ZTVN8touchgfx3HALE)
 <LI><a href="#[187]">touchgfx::HAL::flushFrameBuffer()</a> from hal.o(.text._ZN8touchgfx3HAL16flushFrameBufferEv) referenced from hal.o(.rodata._ZTVN8touchgfx3HALE)
 <LI><a href="#[b8]">touchgfx::HAL::waitForLTDCLines(unsigned short)</a> from touchgfxhal.o(.text._ZN8touchgfx3HAL16waitForLTDCLinesEt) referenced from touchgfxhal.o(.rodata._ZTV11TouchGFXHAL)
 <LI><a href="#[b8]">touchgfx::HAL::waitForLTDCLines(unsigned short)</a> from touchgfxhal.o(.text._ZN8touchgfx3HAL16waitForLTDCLinesEt) referenced from hal.o(.rodata._ZTVN8touchgfx3HALE)
 <LI><a href="#[99]">touchgfx::HAL::allowDMATransfers()</a> from hal.o(.text._ZN8touchgfx3HAL17allowDMATransfersEv) referenced from touchgfxhal.o(.rodata._ZTV11TouchGFXHAL)
 <LI><a href="#[99]">touchgfx::HAL::allowDMATransfers()</a> from hal.o(.text._ZN8touchgfx3HAL17allowDMATransfersEv) referenced from hal.o(.rodata._ZTVN8touchgfx3HALE)
 <LI><a href="#[bb]">touchgfx::HAL::getTFTCurrentLine()</a> from touchgfxhal.o(.text._ZN8touchgfx3HAL17getTFTCurrentLineEv) referenced from touchgfxhal.o(.rodata._ZTV11TouchGFXHAL)
 <LI><a href="#[bb]">touchgfx::HAL::getTFTCurrentLine()</a> from touchgfxhal.o(.text._ZN8touchgfx3HAL17getTFTCurrentLineEv) referenced from hal.o(.rodata._ZTVN8touchgfx3HALE)
 <LI><a href="#[9d]">touchgfx::HAL::unlockFrameBuffer()</a> from hal.o(.text._ZN8touchgfx3HAL17unlockFrameBufferEv) referenced from touchgfxhal.o(.rodata._ZTV11TouchGFXHAL)
 <LI><a href="#[9d]">touchgfx::HAL::unlockFrameBuffer()</a> from hal.o(.text._ZN8touchgfx3HAL17unlockFrameBufferEv) referenced from hal.o(.rodata._ZTVN8touchgfx3HALE)
 <LI><a href="#[94]">touchgfx::HAL::setFrameBufferSize(unsigned short, unsigned short)</a> from hal.o(.text._ZN8touchgfx3HAL18setFrameBufferSizeEtt) referenced from touchgfxhal.o(.rodata._ZTV11TouchGFXHAL)
 <LI><a href="#[94]">touchgfx::HAL::setFrameBufferSize(unsigned short, unsigned short)</a> from hal.o(.text._ZN8touchgfx3HAL18setFrameBufferSizeEtt) referenced from hal.o(.rodata._ZTVN8touchgfx3HALE)
 <LI><a href="#[b5]">touchgfx::HAL::setAnimationStorage(void*)</a> from touchgfxhal.o(.text._ZN8touchgfx3HAL19setAnimationStorageEPv) referenced from touchgfxhal.o(.rodata._ZTV11TouchGFXHAL)
 <LI><a href="#[b5]">touchgfx::HAL::setAnimationStorage(void*)</a> from touchgfxhal.o(.text._ZN8touchgfx3HAL19setAnimationStorageEPv) referenced from hal.o(.rodata._ZTVN8touchgfx3HALE)
 <LI><a href="#[ac]">touchgfx::HAL::copyFBRegionToMemory(touchgfx::Rect)</a> from hal.o(.text._ZN8touchgfx3HAL20copyFBRegionToMemoryENS_4RectE) referenced from touchgfxhal.o(.rodata._ZTV11TouchGFXHAL)
 <LI><a href="#[ac]">touchgfx::HAL::copyFBRegionToMemory(touchgfx::Rect)</a> from hal.o(.text._ZN8touchgfx3HAL20copyFBRegionToMemoryENS_4RectE) referenced from hal.o(.rodata._ZTVN8touchgfx3HALE)
 <LI><a href="#[ad]">touchgfx::HAL::copyFBRegionToMemory(touchgfx::Rect, unsigned short*, unsigned int)</a> from hal.o(.text._ZN8touchgfx3HAL20copyFBRegionToMemoryENS_4RectEPtj) referenced from touchgfxhal.o(.rodata._ZTV11TouchGFXHAL)
 <LI><a href="#[ad]">touchgfx::HAL::copyFBRegionToMemory(touchgfx::Rect, unsigned short*, unsigned int)</a> from hal.o(.text._ZN8touchgfx3HAL20copyFBRegionToMemoryENS_4RectEPtj) referenced from hal.o(.rodata._ZTVN8touchgfx3HALE)
 <LI><a href="#[ab]">touchgfx::HAL::registerEventListener(touchgfx::UIEventListener&)</a> from hal.o(.text._ZN8touchgfx3HAL21registerEventListenerERNS_15UIEventListenerE) referenced from touchgfxhal.o(.rodata._ZTV11TouchGFXHAL)
 <LI><a href="#[ab]">touchgfx::HAL::registerEventListener(touchgfx::UIEventListener&)</a> from hal.o(.text._ZN8touchgfx3HAL21registerEventListenerERNS_15UIEventListenerE) referenced from hal.o(.rodata._ZTVN8touchgfx3HALE)
 <LI><a href="#[93]">touchgfx::HAL::setDisplayOrientation(touchgfx::DisplayOrientation)</a> from touchgfxhal.o(.text._ZN8touchgfx3HAL21setDisplayOrientationENS_18DisplayOrientationE) referenced from touchgfxhal.o(.rodata._ZTV11TouchGFXHAL)
 <LI><a href="#[93]">touchgfx::HAL::setDisplayOrientation(touchgfx::DisplayOrientation)</a> from touchgfxhal.o(.text._ZN8touchgfx3HAL21setDisplayOrientationENS_18DisplayOrientationE) referenced from hal.o(.rodata._ZTVN8touchgfx3HALE)
 <LI><a href="#[c9]">touchgfx::HAL::InvalidateTextureCache()</a> from touchgfxhal.o(.text._ZN8touchgfx3HAL22InvalidateTextureCacheEv) referenced from touchgfxhal.o(.rodata._ZTV11TouchGFXHAL)
 <LI><a href="#[c9]">touchgfx::HAL::InvalidateTextureCache()</a> from touchgfxhal.o(.text._ZN8touchgfx3HAL22InvalidateTextureCacheEv) referenced from hal.o(.rodata._ZTVN8touchgfx3HALE)
 <LI><a href="#[a9]">touchgfx::HAL::copyFromTFTToClientBuffer(touchgfx::Rect)</a> from hal.o(.text._ZN8touchgfx3HAL25copyFromTFTToClientBufferENS_4RectE) referenced from touchgfxhal.o(.rodata._ZTV11TouchGFXHAL)
 <LI><a href="#[a9]">touchgfx::HAL::copyFromTFTToClientBuffer(touchgfx::Rect)</a> from hal.o(.text._ZN8touchgfx3HAL25copyFromTFTToClientBufferENS_4RectE) referenced from hal.o(.rodata._ZTVN8touchgfx3HALE)
 <LI><a href="#[bf]">touchgfx::HAL::partialLTDCDeadlineMissed()</a> from touchgfxhal.o(.text._ZN8touchgfx3HAL25partialLTDCDeadlineMissedEv) referenced from touchgfxhal.o(.rodata._ZTV11TouchGFXHAL)
 <LI><a href="#[bf]">touchgfx::HAL::partialLTDCDeadlineMissed()</a> from touchgfxhal.o(.text._ZN8touchgfx3HAL25partialLTDCDeadlineMissedEv) referenced from hal.o(.rodata._ZTVN8touchgfx3HALE)
 <LI><a href="#[b6]">touchgfx::HAL::configurePartialFrameBuffer(unsigned short, unsigned short, unsigned short, unsigned short)</a> from hal.o(.text._ZN8touchgfx3HAL27configurePartialFrameBufferEtttt) referenced from touchgfxhal.o(.rodata._ZTV11TouchGFXHAL)
 <LI><a href="#[b6]">touchgfx::HAL::configurePartialFrameBuffer(unsigned short, unsigned short, unsigned short, unsigned short)</a> from hal.o(.text._ZN8touchgfx3HAL27configurePartialFrameBufferEtttt) referenced from hal.o(.rodata._ZTVN8touchgfx3HALE)
 <LI><a href="#[bd]">touchgfx::HAL::drawDrawableInDynamicBitmap(touchgfx::Drawable&, unsigned short)</a> from hal.o(.text._ZN8touchgfx3HAL27drawDrawableInDynamicBitmapERNS_8DrawableEt) referenced from touchgfxhal.o(.rodata._ZTV11TouchGFXHAL)
 <LI><a href="#[bd]">touchgfx::HAL::drawDrawableInDynamicBitmap(touchgfx::Drawable&, unsigned short)</a> from hal.o(.text._ZN8touchgfx3HAL27drawDrawableInDynamicBitmapERNS_8DrawableEt) referenced from hal.o(.rodata._ZTVN8touchgfx3HALE)
 <LI><a href="#[be]">touchgfx::HAL::drawDrawableInDynamicBitmap(touchgfx::Drawable&, unsigned short, touchgfx::Rect const&)</a> from hal.o(.text._ZN8touchgfx3HAL27drawDrawableInDynamicBitmapERNS_8DrawableEtRKNS_4RectE) referenced from touchgfxhal.o(.rodata._ZTV11TouchGFXHAL)
 <LI><a href="#[be]">touchgfx::HAL::drawDrawableInDynamicBitmap(touchgfx::Drawable&, unsigned short, touchgfx::Rect const&)</a> from hal.o(.text._ZN8touchgfx3HAL27drawDrawableInDynamicBitmapERNS_8DrawableEtRKNS_4RectE) referenced from hal.o(.rodata._ZTVN8touchgfx3HALE)
 <LI><a href="#[b4]">touchgfx::HAL::setFrameBufferStartAddresses(void*, void*, void*)</a> from hal.o(.text._ZN8touchgfx3HAL28setFrameBufferStartAddressesEPvS1_S1_) referenced from touchgfxhal.o(.rodata._ZTV11TouchGFXHAL)
 <LI><a href="#[b4]">touchgfx::HAL::setFrameBufferStartAddresses(void*, void*, void*)</a> from hal.o(.text._ZN8touchgfx3HAL28setFrameBufferStartAddressesEPvS1_S1_) referenced from hal.o(.rodata._ZTVN8touchgfx3HALE)
 <LI><a href="#[b7]">touchgfx::HAL::configurePartialFrameBufferLTDC(short)</a> from hal.o(.text._ZN8touchgfx3HAL31configurePartialFrameBufferLTDCEs) referenced from touchgfxhal.o(.rodata._ZTV11TouchGFXHAL)
 <LI><a href="#[b7]">touchgfx::HAL::configurePartialFrameBufferLTDC(short)</a> from hal.o(.text._ZN8touchgfx3HAL31configurePartialFrameBufferLTDCEs) referenced from hal.o(.rodata._ZTVN8touchgfx3HALE)
 <LI><a href="#[c6]">touchgfx::HAL::performDisplayOrientationChange()</a> from hal.o(.text._ZN8touchgfx3HAL31performDisplayOrientationChangeEv) referenced from touchgfxhal.o(.rodata._ZTV11TouchGFXHAL)
 <LI><a href="#[c6]">touchgfx::HAL::performDisplayOrientationChange()</a> from hal.o(.text._ZN8touchgfx3HAL31performDisplayOrientationChangeEv) referenced from hal.o(.rodata._ZTVN8touchgfx3HALE)
 <LI><a href="#[c0]">touchgfx::HAL::tick()</a> from hal.o(.text._ZN8touchgfx3HAL4tickEv) referenced from touchgfxhal.o(.rodata._ZTV11TouchGFXHAL)
 <LI><a href="#[c0]">touchgfx::HAL::tick()</a> from hal.o(.text._ZN8touchgfx3HAL4tickEv) referenced from hal.o(.rodata._ZTVN8touchgfx3HALE)
 <LI><a href="#[c4]">touchgfx::HAL::touch(int, int)</a> from hal.o(.text._ZN8touchgfx3HAL5touchEii) referenced from touchgfxhal.o(.rodata._ZTV11TouchGFXHAL)
 <LI><a href="#[c4]">touchgfx::HAL::touch(int, int)</a> from hal.o(.text._ZN8touchgfx3HAL5touchEii) referenced from hal.o(.rodata._ZTVN8touchgfx3HALE)
 <LI><a href="#[c5]">touchgfx::HAL::noTouch()</a> from hal.o(.text._ZN8touchgfx3HAL7noTouchEv) referenced from touchgfxhal.o(.rodata._ZTV11TouchGFXHAL)
 <LI><a href="#[c5]">touchgfx::HAL::noTouch()</a> from hal.o(.text._ZN8touchgfx3HAL7noTouchEv) referenced from hal.o(.rodata._ZTVN8touchgfx3HALE)
 <LI><a href="#[a1]">touchgfx::HAL::blitCopy(unsigned short const*, unsigned char const*, unsigned short, unsigned short, unsigned short, unsigned short, unsigned short, unsigned char, bool, unsigned short, touchgfx::Bitmap::BitmapFormat, touchgfx::Bitmap::BitmapFormat, bool)</a> from hal.o(.text._ZN8touchgfx3HAL8blitCopyEPKtPKhttttthbtNS_6Bitmap12BitmapFormatES6_b) referenced from touchgfxhal.o(.rodata._ZTV11TouchGFXHAL)
 <LI><a href="#[a1]">touchgfx::HAL::blitCopy(unsigned short const*, unsigned char const*, unsigned short, unsigned short, unsigned short, unsigned short, unsigned short, unsigned char, bool, unsigned short, touchgfx::Bitmap::BitmapFormat, touchgfx::Bitmap::BitmapFormat, bool)</a> from hal.o(.text._ZN8touchgfx3HAL8blitCopyEPKtPKhttttthbtNS_6Bitmap12BitmapFormatES6_b) referenced from hal.o(.rodata._ZTVN8touchgfx3HALE)
 <LI><a href="#[a3]">touchgfx::HAL::blitCopy(unsigned short const*, unsigned short, unsigned short, unsigned short, unsigned short, unsigned short, unsigned char, bool, bool)</a> from hal.o(.text._ZN8touchgfx3HAL8blitCopyEPKtttttthbb) referenced from touchgfxhal.o(.rodata._ZTV11TouchGFXHAL)
 <LI><a href="#[a3]">touchgfx::HAL::blitCopy(unsigned short const*, unsigned short, unsigned short, unsigned short, unsigned short, unsigned short, unsigned char, bool, bool)</a> from hal.o(.text._ZN8touchgfx3HAL8blitCopyEPKtttttthbb) referenced from hal.o(.rodata._ZTVN8touchgfx3HALE)
 <LI><a href="#[a2]">touchgfx::HAL::blitCopy(unsigned short const*, unsigned short, unsigned short, unsigned short, unsigned short, unsigned short, unsigned char, bool, unsigned short, touchgfx::Bitmap::BitmapFormat, touchgfx::Bitmap::BitmapFormat, bool)</a> from hal.o(.text._ZN8touchgfx3HAL8blitCopyEPKtttttthbtNS_6Bitmap12BitmapFormatES4_b) referenced from touchgfxhal.o(.rodata._ZTV11TouchGFXHAL)
 <LI><a href="#[a2]">touchgfx::HAL::blitCopy(unsigned short const*, unsigned short, unsigned short, unsigned short, unsigned short, unsigned short, unsigned char, bool, unsigned short, touchgfx::Bitmap::BitmapFormat, touchgfx::Bitmap::BitmapFormat, bool)</a> from hal.o(.text._ZN8touchgfx3HAL8blitCopyEPKtttttthbtNS_6Bitmap12BitmapFormatES4_b) referenced from hal.o(.rodata._ZTVN8touchgfx3HALE)
 <LI><a href="#[aa]">touchgfx::HAL::blitFill(touchgfx::colortype, unsigned short, unsigned short, unsigned short, unsigned short, unsigned char, bool)</a> from hal.o(.text._ZN8touchgfx3HAL8blitFillENS_9colortypeEtttthb) referenced from touchgfxhal.o(.rodata._ZTV11TouchGFXHAL)
 <LI><a href="#[aa]">touchgfx::HAL::blitFill(touchgfx::colortype, unsigned short, unsigned short, unsigned short, unsigned short, unsigned char, bool)</a> from hal.o(.text._ZN8touchgfx3HAL8blitFillENS_9colortypeEtttthb) referenced from hal.o(.rodata._ZTVN8touchgfx3HALE)
 <LI><a href="#[a8]">touchgfx::HAL::blitFill(touchgfx::colortype, unsigned short, unsigned short, unsigned short, unsigned short, unsigned char, unsigned short, touchgfx::Bitmap::BitmapFormat, bool)</a> from hal.o(.text._ZN8touchgfx3HAL8blitFillENS_9colortypeEtttthtNS_6Bitmap12BitmapFormatEb) referenced from touchgfxhal.o(.rodata._ZTV11TouchGFXHAL)
 <LI><a href="#[a8]">touchgfx::HAL::blitFill(touchgfx::colortype, unsigned short, unsigned short, unsigned short, unsigned short, unsigned char, unsigned short, touchgfx::Bitmap::BitmapFormat, bool)</a> from hal.o(.text._ZN8touchgfx3HAL8blitFillENS_9colortypeEtttthtNS_6Bitmap12BitmapFormatEb) referenced from hal.o(.rodata._ZTVN8touchgfx3HALE)
 <LI><a href="#[18b]">touchgfx::HAL::endFrame()</a> from hal.o(.text._ZN8touchgfx3HAL8endFrameEv) referenced from hal.o(.rodata._ZTVN8touchgfx3HALE)
 <LI><a href="#[9a]">touchgfx::HAL::flushDMA()</a> from hal.o(.text._ZN8touchgfx3HAL8flushDMAEv) referenced from touchgfxhal.o(.rodata._ZTV11TouchGFXHAL)
 <LI><a href="#[9a]">touchgfx::HAL::flushDMA()</a> from hal.o(.text._ZN8touchgfx3HAL8flushDMAEv) referenced from hal.o(.rodata._ZTVN8touchgfx3HALE)
 <LI><a href="#[189]">touchgfx::HAL::blockCopy(void*, void const*, unsigned int)</a> from hal.o(.text._ZN8touchgfx3HAL9blockCopyEPvPKvj) referenced from hal.o(.rodata._ZTVN8touchgfx3HALE)
 <LI><a href="#[b3]">touchgfx::HAL::sampleKey(unsigned char&)</a> from touchgfxhal.o(.text._ZN8touchgfx3HAL9sampleKeyERh) referenced from touchgfxhal.o(.rodata._ZTV11TouchGFXHAL)
 <LI><a href="#[b3]">touchgfx::HAL::sampleKey(unsigned char&)</a> from touchgfxhal.o(.text._ZN8touchgfx3HAL9sampleKeyERh) referenced from hal.o(.rodata._ZTVN8touchgfx3HALE)
 <LI><a href="#[ba]">touchgfx::HAL::taskDelay(unsigned short)</a> from touchgfxhal.o(.text._ZN8touchgfx3HAL9taskDelayEt) referenced from touchgfxhal.o(.rodata._ZTV11TouchGFXHAL)
 <LI><a href="#[ba]">touchgfx::HAL::taskDelay(unsigned short)</a> from touchgfxhal.o(.text._ZN8touchgfx3HAL9taskDelayEt) referenced from hal.o(.rodata._ZTVN8touchgfx3HALE)
 <LI><a href="#[96]">touchgfx::HAL::taskEntry()</a> from hal.o(.text._ZN8touchgfx3HAL9taskEntryEv) referenced from touchgfxhal.o(.rodata._ZTV11TouchGFXHAL)
 <LI><a href="#[96]">touchgfx::HAL::taskEntry()</a> from hal.o(.text._ZN8touchgfx3HAL9taskEntryEv) referenced from hal.o(.rodata._ZTVN8touchgfx3HALE)
 <LI><a href="#[185]">touchgfx::HAL::~HAL__deallocating()</a> from hal.o(.text._ZN8touchgfx3HALD0Ev) referenced from hal.o(.rodata._ZTVN8touchgfx3HALE)
 <LI><a href="#[91]">touchgfx::HAL::~HAL__sub_object()</a> from touchgfxhal.o(.text._ZN8touchgfx3HALD2Ev) referenced from touchgfxhal.o(.rodata._ZTV11TouchGFXHAL)
 <LI><a href="#[91]">touchgfx::HAL::~HAL__sub_object()</a> from touchgfxhal.o(.text._ZN8touchgfx3HALD2Ev) referenced from hal.o(.rodata._ZTVN8touchgfx3HALE)
 <LI><a href="#[1ae]">touchgfx::LCD::setDefaultColor(touchgfx::colortype)</a> from lcd16bpp.o(.text._ZN8touchgfx3LCD15setDefaultColorENS_9colortypeE) referenced from lcd16bpp.o(.rodata._ZTVN8touchgfx8LCD16bppE)
[...]
</UL>
<BR>[Calls]<UL><LI><a href="#[278]">&gt;&gt;</a>&nbsp;&nbsp;&nbsp;touchgfx::TextProvider::initialize(unsigned short const*, std::__va_list, unsigned short const*, touchgfx::FontContextualFormsTable const*)
</UL>
<BR>[Called By]<UL><LI><a href="#[369]">&gt;&gt;</a>&nbsp;&nbsp;&nbsp;touchgfx::LCD::drawStringRTL(touchgfx::Rect const&, touchgfx::Rect const&, touchgfx::LCD::StringVisuals const&, unsigned short const*, std::__va_list)
</UL>

<P><STRONG><a name="[283]"></a>OUTLINED_FUNCTION_1</STRONG> (Thumb, 30 bytes, Stack size 0 bytes, lcd.o(.text.OUTLINED_FUNCTION_1))
<BR><BR>[Stack]<UL><LI>Max Depth = 424<LI>Call Chain = OUTLINED_FUNCTION_1 &rArr; touchgfx::LCD::drawStringRTLInternal(short&, touchgfx::Font const*, unsigned char, touchgfx::TextProvider&, int, unsigned short, touchgfx::LCD::DrawStringInternalStruct const*) &rArr; touchgfx::LCD::drawStringInternal(unsigned short*, touchgfx::Rect const*, short, short, touchgfx::Rect const&, touchgfx::LCD::StringVisuals const*, unsigned char, touchgfx::TextProvider&, int, bool) &rArr; touchgfx::TextProvider::getNextLigature(unsigned char, touchgfx::Font const*, touchgfx::GlyphNode const*&, unsigned char const*&, unsigned char&) &rArr; OUTLINED_FUNCTION_8 &rArr; touchgfx::TextProvider::getNextLigature(unsigned char) &rArr; touchgfx::TextProvider::substituteGlyphs() &rArr; touchgfx::TextProvider::applyGsubRules(unsigned short const*, unsigned short) &rArr; touchgfx::TextProvider::replaceInputCharacters(unsigned short, unsigned short, unsigned short const*) &rArr; touchgfx::TextProvider::fillInputBuffer() &rArr; touchgfx::TextProvider::getNextCharInternal()
</UL>
<BR>[Calls]<UL><LI><a href="#[27c]">&gt;&gt;</a>&nbsp;&nbsp;&nbsp;touchgfx::LCD::drawStringRTLInternal(short&, touchgfx::Font const*, unsigned char, touchgfx::TextProvider&, int, unsigned short, touchgfx::LCD::DrawStringInternalStruct const*)
</UL>
<BR>[Called By]<UL><LI><a href="#[373]">&gt;&gt;</a>&nbsp;&nbsp;&nbsp;touchgfx::LCD::drawStringRTLLine(short&, touchgfx::Font const*, unsigned char, touchgfx::TextProvider&, int, bool, touchgfx::LCD::DrawStringInternalStruct const*)
</UL>

<P><STRONG><a name="[378]"></a>OUTLINED_FUNCTION_11</STRONG> (Thumb, 10 bytes, Stack size 0 bytes, lcd.o(.text.OUTLINED_FUNCTION_11))
<BR><BR>[Called By]<UL><LI><a href="#[373]">&gt;&gt;</a>&nbsp;&nbsp;&nbsp;touchgfx::LCD::drawStringRTLLine(short&, touchgfx::Font const*, unsigned char, touchgfx::TextProvider&, int, bool, touchgfx::LCD::DrawStringInternalStruct const*)
</UL>

<P><STRONG><a name="[379]"></a>OUTLINED_FUNCTION_6</STRONG> (Thumb, 18 bytes, Stack size 0 bytes, lcd.o(.text.OUTLINED_FUNCTION_6))
<BR><BR>[Called By]<UL><LI><a href="#[373]">&gt;&gt;</a>&nbsp;&nbsp;&nbsp;touchgfx::LCD::drawStringRTLLine(short&, touchgfx::Font const*, unsigned char, touchgfx::TextProvider&, int, bool, touchgfx::LCD::DrawStringInternalStruct const*)
</UL>

<P><STRONG><a name="[27b]"></a>OUTLINED_FUNCTION_0</STRONG> (Thumb, 26 bytes, Stack size 0 bytes, lcd.o(.text.OUTLINED_FUNCTION_0))
<BR><BR>[Stack]<UL><LI>Max Depth = 424<LI>Call Chain = OUTLINED_FUNCTION_0 &rArr; touchgfx::LCD::drawStringRTLInternal(short&, touchgfx::Font const*, unsigned char, touchgfx::TextProvider&, int, unsigned short, touchgfx::LCD::DrawStringInternalStruct const*) &rArr; touchgfx::LCD::drawStringInternal(unsigned short*, touchgfx::Rect const*, short, short, touchgfx::Rect const&, touchgfx::LCD::StringVisuals const*, unsigned char, touchgfx::TextProvider&, int, bool) &rArr; touchgfx::TextProvider::getNextLigature(unsigned char, touchgfx::Font const*, touchgfx::GlyphNode const*&, unsigned char const*&, unsigned char&) &rArr; OUTLINED_FUNCTION_8 &rArr; touchgfx::TextProvider::getNextLigature(unsigned char) &rArr; touchgfx::TextProvider::substituteGlyphs() &rArr; touchgfx::TextProvider::applyGsubRules(unsigned short const*, unsigned short) &rArr; touchgfx::TextProvider::replaceInputCharacters(unsigned short, unsigned short, unsigned short const*) &rArr; touchgfx::TextProvider::fillInputBuffer() &rArr; touchgfx::TextProvider::getNextCharInternal()
</UL>
<BR>[Calls]<UL><LI><a href="#[27c]">&gt;&gt;</a>&nbsp;&nbsp;&nbsp;touchgfx::LCD::drawStringRTLInternal(short&, touchgfx::Font const*, unsigned char, touchgfx::TextProvider&, int, unsigned short, touchgfx::LCD::DrawStringInternalStruct const*)
</UL>
<BR>[Called By]<UL><LI><a href="#[373]">&gt;&gt;</a>&nbsp;&nbsp;&nbsp;touchgfx::LCD::drawStringRTLLine(short&, touchgfx::Font const*, unsigned char, touchgfx::TextProvider&, int, bool, touchgfx::LCD::DrawStringInternalStruct const*)
</UL>

<P><STRONG><a name="[2a0]"></a>OUTLINED_FUNCTION_7</STRONG> (Thumb, 12 bytes, Stack size 0 bytes, lcd.o(.text.OUTLINED_FUNCTION_7))
<BR><BR>[Stack]<UL><LI>Max Depth = 424<LI>Call Chain = OUTLINED_FUNCTION_7 &rArr; touchgfx::LCD::drawStringRTLInternal(short&, touchgfx::Font const*, unsigned char, touchgfx::TextProvider&, int, unsigned short, touchgfx::LCD::DrawStringInternalStruct const*) &rArr; touchgfx::LCD::drawStringInternal(unsigned short*, touchgfx::Rect const*, short, short, touchgfx::Rect const&, touchgfx::LCD::StringVisuals const*, unsigned char, touchgfx::TextProvider&, int, bool) &rArr; touchgfx::TextProvider::getNextLigature(unsigned char, touchgfx::Font const*, touchgfx::GlyphNode const*&, unsigned char const*&, unsigned char&) &rArr; OUTLINED_FUNCTION_8 &rArr; touchgfx::TextProvider::getNextLigature(unsigned char) &rArr; touchgfx::TextProvider::substituteGlyphs() &rArr; touchgfx::TextProvider::applyGsubRules(unsigned short const*, unsigned short) &rArr; touchgfx::TextProvider::replaceInputCharacters(unsigned short, unsigned short, unsigned short const*) &rArr; touchgfx::TextProvider::fillInputBuffer() &rArr; touchgfx::TextProvider::getNextCharInternal()
</UL>
<BR>[Calls]<UL><LI><a href="#[27c]">&gt;&gt;</a>&nbsp;&nbsp;&nbsp;touchgfx::LCD::drawStringRTLInternal(short&, touchgfx::Font const*, unsigned char, touchgfx::TextProvider&, int, unsigned short, touchgfx::LCD::DrawStringInternalStruct const*)
</UL>
<BR>[Called By]<UL><LI><a href="#[373]">&gt;&gt;</a>&nbsp;&nbsp;&nbsp;touchgfx::LCD::drawStringRTLLine(short&, touchgfx::Font const*, unsigned char, touchgfx::TextProvider&, int, bool, touchgfx::LCD::DrawStringInternalStruct const*)
</UL>

<P><STRONG><a name="[376]"></a>OUTLINED_FUNCTION_4</STRONG> (Thumb, 10 bytes, Stack size 0 bytes, lcd.o(.text.OUTLINED_FUNCTION_4))
<BR><BR>[Called By]<UL><LI><a href="#[374]">&gt;&gt;</a>&nbsp;&nbsp;&nbsp;touchgfx::LCD::drawScaledBitmap(touchgfx::Bitmap const&, touchgfx::Rect const&, touchgfx::Rect const&, unsigned short, unsigned char)
</UL>

<P><STRONG><a name="[37c]"></a>OUTLINED_FUNCTION_12</STRONG> (Thumb, 10 bytes, Stack size 0 bytes, lcd.o(.text.OUTLINED_FUNCTION_12))
<BR><BR>[Called By]<UL><LI><a href="#[1af]">&gt;&gt;</a>&nbsp;&nbsp;&nbsp;touchgfx::LCD::drawTextureMapTriangle(touchgfx::DrawingSurface const&, touchgfx::Point3D const*, touchgfx::TextureSurface const&, touchgfx::Rect const&, touchgfx::Rect const&, unsigned short, unsigned char, unsigned short)
</UL>

<P><STRONG><a name="[2a1]"></a>OUTLINED_FUNCTION_8</STRONG> (Thumb, 6 bytes, Stack size 0 bytes, lcd.o(.text.OUTLINED_FUNCTION_8))
<BR><BR>[Stack]<UL><LI>Max Depth = 24<LI>Call Chain = OUTLINED_FUNCTION_8 &rArr; touchgfx::Edge::step(int) &rArr; touchgfx::Edge::step()
</UL>
<BR>[Calls]<UL><LI><a href="#[2a2]">&gt;&gt;</a>&nbsp;&nbsp;&nbsp;touchgfx::Edge::step(int)
</UL>
<BR>[Called By]<UL><LI><a href="#[1af]">&gt;&gt;</a>&nbsp;&nbsp;&nbsp;touchgfx::LCD::drawTextureMapTriangle(touchgfx::DrawingSurface const&, touchgfx::Point3D const*, touchgfx::TextureSurface const&, touchgfx::Rect const&, touchgfx::Rect const&, unsigned short, unsigned char, unsigned short)
</UL>

<P><STRONG><a name="[37e]"></a>OUTLINED_FUNCTION_3</STRONG> (Thumb, 22 bytes, Stack size 0 bytes, lcd.o(.text.OUTLINED_FUNCTION_3))
<BR><BR>[Called By]<UL><LI><a href="#[1af]">&gt;&gt;</a>&nbsp;&nbsp;&nbsp;touchgfx::LCD::drawTextureMapTriangle(touchgfx::DrawingSurface const&, touchgfx::Point3D const*, touchgfx::TextureSurface const&, touchgfx::Rect const&, touchgfx::Rect const&, unsigned short, unsigned char, unsigned short)
</UL>

<P><STRONG><a name="[399]"></a>OUTLINED_FUNCTION_0</STRONG> (Thumb, 10 bytes, Stack size 0 bytes, screen.o(.text.OUTLINED_FUNCTION_0))
<BR><BR>[Called By]<UL><LI><a href="#[394]">&gt;&gt;</a>&nbsp;&nbsp;&nbsp;touchgfx::Screen::JSMOC(touchgfx::Rect const&, touchgfx::Drawable*)
</UL>

<P><STRONG><a name="[3f0]"></a>OUTLINED_FUNCTION_2</STRONG> (Thumb, 8 bytes, Stack size 0 bytes, textarea.o(.text.OUTLINED_FUNCTION_2))
<BR><BR>[Called By]<UL><LI><a href="#[17e]">&gt;&gt;</a>&nbsp;&nbsp;&nbsp;touchgfx::TextArea::getTextWidth() const
<LI><a href="#[17d]">&gt;&gt;</a>&nbsp;&nbsp;&nbsp;touchgfx::TextArea::getTextHeight() const
<LI><a href="#[2e6]">&gt;&gt;</a>&nbsp;&nbsp;&nbsp;touchgfx::TextArea::resizeToCurrentText()
<LI><a href="#[1b6]">&gt;&gt;</a>&nbsp;&nbsp;&nbsp;touchgfx::TextArea::invalidateContent() const
</UL>

<P><STRONG><a name="[405]"></a>OUTLINED_FUNCTION_5</STRONG> (Thumb, 8 bytes, Stack size 0 bytes, textarea.o(.text.OUTLINED_FUNCTION_5))
<BR><BR>[Called By]<UL><LI><a href="#[17e]">&gt;&gt;</a>&nbsp;&nbsp;&nbsp;touchgfx::TextArea::getTextWidth() const
<LI><a href="#[17d]">&gt;&gt;</a>&nbsp;&nbsp;&nbsp;touchgfx::TextArea::getTextHeight() const
<LI><a href="#[1b5]">&gt;&gt;</a>&nbsp;&nbsp;&nbsp;touchgfx::TextArea::draw(touchgfx::Rect const&) const
</UL>

<P><STRONG><a name="[406]"></a>OUTLINED_FUNCTION_1</STRONG> (Thumb, 10 bytes, Stack size 0 bytes, textarea.o(.text.OUTLINED_FUNCTION_1))
<BR><BR>[Called By]<UL><LI><a href="#[17e]">&gt;&gt;</a>&nbsp;&nbsp;&nbsp;touchgfx::TextArea::getTextWidth() const
<LI><a href="#[17d]">&gt;&gt;</a>&nbsp;&nbsp;&nbsp;touchgfx::TextArea::getTextHeight() const
<LI><a href="#[1b5]">&gt;&gt;</a>&nbsp;&nbsp;&nbsp;touchgfx::TextArea::draw(touchgfx::Rect const&) const
</UL>

<P><STRONG><a name="[3f1]"></a>OUTLINED_FUNCTION_0</STRONG> (Thumb, 8 bytes, Stack size 0 bytes, textarea.o(.text.OUTLINED_FUNCTION_0), UNUSED)
<BR><BR>[Called By]<UL><LI><a href="#[2e6]">&gt;&gt;</a>&nbsp;&nbsp;&nbsp;touchgfx::TextArea::resizeToCurrentText()
</UL>

<P><STRONG><a name="[407]"></a>OUTLINED_FUNCTION_6</STRONG> (Thumb, 12 bytes, Stack size 0 bytes, textarea.o(.text.OUTLINED_FUNCTION_6))
<BR><BR>[Called By]<UL><LI><a href="#[1b8]">&gt;&gt;</a>&nbsp;&nbsp;&nbsp;touchgfx::TextArea::calculateBoundingArea() const
</UL>

<P><STRONG><a name="[408]"></a>OUTLINED_FUNCTION_7</STRONG> (Thumb, 12 bytes, Stack size 0 bytes, textarea.o(.text.OUTLINED_FUNCTION_7))
<BR><BR>[Called By]<UL><LI><a href="#[1b8]">&gt;&gt;</a>&nbsp;&nbsp;&nbsp;touchgfx::TextArea::calculateBoundingArea() const
</UL>

<P><STRONG><a name="[2a3]"></a>OUTLINED_FUNCTION_8</STRONG> (Thumb, 10 bytes, Stack size 0 bytes, textprovider.o(.text.OUTLINED_FUNCTION_8))
<BR><BR>[Stack]<UL><LI>Max Depth = 168<LI>Call Chain = OUTLINED_FUNCTION_8 &rArr; touchgfx::TextProvider::getNextLigature(unsigned char) &rArr; touchgfx::TextProvider::substituteGlyphs() &rArr; touchgfx::TextProvider::applyGsubRules(unsigned short const*, unsigned short) &rArr; touchgfx::TextProvider::replaceInputCharacters(unsigned short, unsigned short, unsigned short const*) &rArr; touchgfx::TextProvider::fillInputBuffer() &rArr; touchgfx::TextProvider::getNextCharInternal()
</UL>
<BR>[Calls]<UL><LI><a href="#[2a4]">&gt;&gt;</a>&nbsp;&nbsp;&nbsp;touchgfx::TextProvider::getNextLigature(unsigned char)
</UL>
<BR>[Called By]<UL><LI><a href="#[337]">&gt;&gt;</a>&nbsp;&nbsp;&nbsp;touchgfx::TextProvider::getNextLigature(unsigned char, touchgfx::Font const*, touchgfx::GlyphNode const*&, unsigned char const*&, unsigned char&)
<LI><a href="#[282]">&gt;&gt;</a>&nbsp;&nbsp;&nbsp;touchgfx::TextProvider::getNextLigature(unsigned char, touchgfx::Font const*, touchgfx::GlyphNode const*&)
</UL>

<P><STRONG><a name="[299]"></a>OUTLINED_FUNCTION_5</STRONG> (Thumb, 8 bytes, Stack size 0 bytes, textprovider.o(.text.OUTLINED_FUNCTION_5))
<BR><BR>[Calls]<UL><LI><a href="#[29a]">&gt;&gt;</a>&nbsp;&nbsp;&nbsp;touchgfx::TextProvider::circularBuffer&lang;10u&rang;::peekChar(unsigned short)
</UL>
<BR>[Called By]<UL><LI><a href="#[335]">&gt;&gt;</a>&nbsp;&nbsp;&nbsp;touchgfx::TextProvider::unicodeConverter(unsigned char)
</UL>

<P><STRONG><a name="[27d]"></a>OUTLINED_FUNCTION_0</STRONG> (Thumb, 14 bytes, Stack size 0 bytes, textprovider.o(.text.OUTLINED_FUNCTION_0))
<BR><BR>[Calls]<UL><LI><a href="#[27e]">&gt;&gt;</a>&nbsp;&nbsp;&nbsp;__aeabi_memcpy
</UL>
<BR>[Called By]<UL><LI><a href="#[31d]">&gt;&gt;</a>&nbsp;&nbsp;&nbsp;touchgfx::TextProvider::adjustThaiGlyph(touchgfx::Font const*, touchgfx::GlyphNode const*)
</UL>

<P><STRONG><a name="[332]"></a>OUTLINED_FUNCTION_9</STRONG> (Thumb, 10 bytes, Stack size 0 bytes, textprovider.o(.text.OUTLINED_FUNCTION_9))
<BR><BR>[Called By]<UL><LI><a href="#[31d]">&gt;&gt;</a>&nbsp;&nbsp;&nbsp;touchgfx::TextProvider::adjustThaiGlyph(touchgfx::Font const*, touchgfx::GlyphNode const*)
</UL>

<P><STRONG><a name="[29e]"></a>OUTLINED_FUNCTION_6</STRONG> (Thumb, 6 bytes, Stack size 0 bytes, textprovider.o(.text.OUTLINED_FUNCTION_6))
<BR><BR>[Calls]<UL><LI><a href="#[29f]">&gt;&gt;</a>&nbsp;&nbsp;&nbsp;touchgfx::GlyphNode::top() const
</UL>
<BR>[Called By]<UL><LI><a href="#[31d]">&gt;&gt;</a>&nbsp;&nbsp;&nbsp;touchgfx::TextProvider::adjustThaiGlyph(touchgfx::Font const*, touchgfx::GlyphNode const*)
<LI><a href="#[31c]">&gt;&gt;</a>&nbsp;&nbsp;&nbsp;touchgfx::TextProvider::adjustArabicGlyph(touchgfx::Font const*, touchgfx::GlyphNode const*, unsigned short)
</UL>

<P><STRONG><a name="[333]"></a>OUTLINED_FUNCTION_4</STRONG> (Thumb, 10 bytes, Stack size 0 bytes, textprovider.o(.text.OUTLINED_FUNCTION_4))
<BR><BR>[Called By]<UL><LI><a href="#[31d]">&gt;&gt;</a>&nbsp;&nbsp;&nbsp;touchgfx::TextProvider::adjustThaiGlyph(touchgfx::Font const*, touchgfx::GlyphNode const*)
<LI><a href="#[31c]">&gt;&gt;</a>&nbsp;&nbsp;&nbsp;touchgfx::TextProvider::adjustArabicGlyph(touchgfx::Font const*, touchgfx::GlyphNode const*, unsigned short)
</UL>

<P><STRONG><a name="[33b]"></a>OUTLINED_FUNCTION_7</STRONG> (Thumb, 10 bytes, Stack size 0 bytes, textprovider.o(.text.OUTLINED_FUNCTION_7))
<BR><BR>[Called By]<UL><LI><a href="#[31c]">&gt;&gt;</a>&nbsp;&nbsp;&nbsp;touchgfx::TextProvider::adjustArabicGlyph(touchgfx::Font const*, touchgfx::GlyphNode const*, unsigned short)
</UL>

<P><STRONG><a name="[292]"></a>OUTLINED_FUNCTION_3</STRONG> (Thumb, 14 bytes, Stack size 0 bytes, textprovider.o(.text.OUTLINED_FUNCTION_3))
<BR><BR>[Calls]<UL><LI><a href="#[27e]">&gt;&gt;</a>&nbsp;&nbsp;&nbsp;__aeabi_memcpy
</UL>
<BR>[Called By]<UL><LI><a href="#[31c]">&gt;&gt;</a>&nbsp;&nbsp;&nbsp;touchgfx::TextProvider::adjustArabicGlyph(touchgfx::Font const*, touchgfx::GlyphNode const*, unsigned short)
</UL>

<P><STRONG><a name="[33c]"></a>OUTLINED_FUNCTION_2</STRONG> (Thumb, 22 bytes, Stack size 0 bytes, textprovider.o(.text.OUTLINED_FUNCTION_2))
<BR><BR>[Called By]<UL><LI><a href="#[31c]">&gt;&gt;</a>&nbsp;&nbsp;&nbsp;touchgfx::TextProvider::adjustArabicGlyph(touchgfx::Font const*, touchgfx::GlyphNode const*, unsigned short)
</UL>

<P><STRONG><a name="[33d]"></a>OUTLINED_FUNCTION_1</STRONG> (Thumb, 26 bytes, Stack size 0 bytes, textprovider.o(.text.OUTLINED_FUNCTION_1))
<BR><BR>[Called By]<UL><LI><a href="#[31c]">&gt;&gt;</a>&nbsp;&nbsp;&nbsp;touchgfx::TextProvider::adjustArabicGlyph(touchgfx::Font const*, touchgfx::GlyphNode const*, unsigned short)
</UL>

<P><STRONG><a name="[27f]"></a>OUTLINED_FUNCTION_0</STRONG> (Thumb, 18 bytes, Stack size 8 bytes, unicode.o(.text.OUTLINED_FUNCTION_0))
<BR><BR>[Stack]<UL><LI>Max Depth = 8<LI>Call Chain = OUTLINED_FUNCTION_0
</UL>
<BR>[Calls]<UL><LI><a href="#[280]">&gt;&gt;</a>&nbsp;&nbsp;&nbsp;touchgfx::Unicode::nextChar(unsigned short const*&, char const*&)
</UL>
<BR>[Called By]<UL><LI><a href="#[3af]">&gt;&gt;</a>&nbsp;&nbsp;&nbsp;touchgfx::Unicode::parseFlagsAndPrecision(unsigned short const*&, char const*&, unsigned short&, bool&, bool&, bool&, bool&, int&, bool&, int&)
</UL>

<P><STRONG><a name="[3b0]"></a>OUTLINED_FUNCTION_1</STRONG> (Thumb, 14 bytes, Stack size 0 bytes, unicode.o(.text.OUTLINED_FUNCTION_1))
<BR><BR>[Called By]<UL><LI><a href="#[3af]">&gt;&gt;</a>&nbsp;&nbsp;&nbsp;touchgfx::Unicode::parseFlagsAndPrecision(unsigned short const*&, char const*&, unsigned short&, bool&, bool&, bool&, bool&, int&, bool&, int&)
</UL>

<P><STRONG><a name="[28c]"></a>OUTLINED_FUNCTION_2</STRONG> (Thumb, 8 bytes, Stack size 0 bytes, canvas.o(.text.OUTLINED_FUNCTION_2))
<BR><BR>[Stack]<UL><LI>Max Depth = 208<LI>Call Chain = OUTLINED_FUNCTION_2 &rArr; touchgfx::Rasterizer::lineTo(int, int) &rArr; touchgfx::Outline::lineTo(int, int) &rArr; touchgfx::Outline::renderLine(int, int, int, int) &rArr; touchgfx::Outline::renderScanline(int, int, int, int, int) &rArr; touchgfx::Outline::setCurCellNew(int, int)
</UL>
<BR>[Calls]<UL><LI><a href="#[28d]">&gt;&gt;</a>&nbsp;&nbsp;&nbsp;touchgfx::Rasterizer::lineTo(int, int)
</UL>
<BR>[Called By]<UL><LI><a href="#[38b]">&gt;&gt;</a>&nbsp;&nbsp;&nbsp;touchgfx::Canvas::close()
<LI><a href="#[83]">&gt;&gt;</a>&nbsp;&nbsp;&nbsp;touchgfx::Canvas::lineTo(touchgfx::CWRUtil::Q5, touchgfx::CWRUtil::Q5)
</UL>

<P><STRONG><a name="[3f3]"></a>OUTLINED_FUNCTION_0</STRONG> (Thumb, 10 bytes, Stack size 0 bytes, canvaswidget.o(.text.OUTLINED_FUNCTION_0))
<BR><BR>[Called By]<UL><LI><a href="#[10d]">&gt;&gt;</a>&nbsp;&nbsp;&nbsp;touchgfx::CanvasWidget::draw(touchgfx::Rect const&) const
</UL>

<P><STRONG><a name="[3b7]"></a>OUTLINED_FUNCTION_0</STRONG> (Thumb, 18 bytes, Stack size 0 bytes, gestures.o(.text.OUTLINED_FUNCTION_0))
<BR><BR>[Called By]<UL><LI><a href="#[365]">&gt;&gt;</a>&nbsp;&nbsp;&nbsp;touchgfx::Gestures::registerClickEvent(touchgfx::ClickEvent::ClickEventType, unsigned short, unsigned short)
</UL>

<P><STRONG><a name="[424]"></a>_fp_digits</STRONG> (Thumb, 366 bytes, Stack size 64 bytes, printfa.o(i._fp_digits), UNUSED)
<BR><BR>[Calls]<UL><LI><a href="#[1f5]">&gt;&gt;</a>&nbsp;&nbsp;&nbsp;__aeabi_ddiv
<LI><a href="#[1ed]">&gt;&gt;</a>&nbsp;&nbsp;&nbsp;__aeabi_dadd
<LI><a href="#[1f4]">&gt;&gt;</a>&nbsp;&nbsp;&nbsp;__aeabi_dmul
<LI><a href="#[1fc]">&gt;&gt;</a>&nbsp;&nbsp;&nbsp;__aeabi_d2ulz
<LI><a href="#[425]">&gt;&gt;</a>&nbsp;&nbsp;&nbsp;__aeabi_cdrcmple
<LI><a href="#[1f8]">&gt;&gt;</a>&nbsp;&nbsp;&nbsp;__aeabi_uldivmod
</UL>
<BR>[Called By]<UL><LI><a href="#[41a]">&gt;&gt;</a>&nbsp;&nbsp;&nbsp;_printf_core
</UL>

<P><STRONG><a name="[41a]"></a>_printf_core</STRONG> (Thumb, 1744 bytes, Stack size 136 bytes, printfa.o(i._printf_core), UNUSED)
<BR><BR>[Calls]<UL><LI><a href="#[426]">&gt;&gt;</a>&nbsp;&nbsp;&nbsp;_printf_pre_padding
<LI><a href="#[427]">&gt;&gt;</a>&nbsp;&nbsp;&nbsp;_printf_post_padding
<LI><a href="#[424]">&gt;&gt;</a>&nbsp;&nbsp;&nbsp;_fp_digits
<LI><a href="#[1f8]">&gt;&gt;</a>&nbsp;&nbsp;&nbsp;__aeabi_uldivmod
<LI><a href="#[428]">&gt;&gt;</a>&nbsp;&nbsp;&nbsp;__aeabi_uidivmod
</UL>
<BR>[Called By]<UL><LI><a href="#[419]">&gt;&gt;</a>&nbsp;&nbsp;&nbsp;__0snprintf
</UL>

<P><STRONG><a name="[427]"></a>_printf_post_padding</STRONG> (Thumb, 36 bytes, Stack size 24 bytes, printfa.o(i._printf_post_padding), UNUSED)
<BR><BR>[Called By]<UL><LI><a href="#[41a]">&gt;&gt;</a>&nbsp;&nbsp;&nbsp;_printf_core
</UL>

<P><STRONG><a name="[426]"></a>_printf_pre_padding</STRONG> (Thumb, 46 bytes, Stack size 24 bytes, printfa.o(i._printf_pre_padding), UNUSED)
<BR><BR>[Called By]<UL><LI><a href="#[41a]">&gt;&gt;</a>&nbsp;&nbsp;&nbsp;_printf_core
</UL>

<P><STRONG><a name="[84]"></a>_snputc</STRONG> (Thumb, 22 bytes, Stack size 0 bytes, printfa.o(i._snputc))
<BR>[Address Reference Count : 1]<UL><LI> printfa.o(i.__0snprintf)
</UL><P>
<H3>
Undefined Global Symbols
</H3><HR></body></html>
